Archive member included to satisfy reference by file (symbol)

g:/program files (x86)/gnu tools arm embedded/9 2019-q4-major/bin/../lib/gcc/arm-none-eabi/9.2.1/../../../../arm-none-eabi/lib/thumb/v7-m/nofp\libc.a(lib_a-exit.o)
                              g:/program files (x86)/gnu tools arm embedded/9 2019-q4-major/bin/../lib/gcc/arm-none-eabi/9.2.1/../../../../arm-none-eabi/lib/thumb/v7-m/nofp/crt0.o (exit)
g:/program files (x86)/gnu tools arm embedded/9 2019-q4-major/bin/../lib/gcc/arm-none-eabi/9.2.1/../../../../arm-none-eabi/lib/thumb/v7-m/nofp\libc.a(lib_a-impure.o)
                              g:/program files (x86)/gnu tools arm embedded/9 2019-q4-major/bin/../lib/gcc/arm-none-eabi/9.2.1/../../../../arm-none-eabi/lib/thumb/v7-m/nofp\libc.a(lib_a-exit.o) (_global_impure_ptr)
g:/program files (x86)/gnu tools arm embedded/9 2019-q4-major/bin/../lib/gcc/arm-none-eabi/9.2.1/../../../../arm-none-eabi/lib/thumb/v7-m/nofp\libc.a(lib_a-init.o)
                              g:/program files (x86)/gnu tools arm embedded/9 2019-q4-major/bin/../lib/gcc/arm-none-eabi/9.2.1/../../../../arm-none-eabi/lib/thumb/v7-m/nofp/crt0.o (__libc_init_array)
g:/program files (x86)/gnu tools arm embedded/9 2019-q4-major/bin/../lib/gcc/arm-none-eabi/9.2.1/../../../../arm-none-eabi/lib/thumb/v7-m/nofp\libc.a(lib_a-memset.o)
                              g:/program files (x86)/gnu tools arm embedded/9 2019-q4-major/bin/../lib/gcc/arm-none-eabi/9.2.1/../../../../arm-none-eabi/lib/thumb/v7-m/nofp/crt0.o (memset)
g:/program files (x86)/gnu tools arm embedded/9 2019-q4-major/bin/../lib/gcc/arm-none-eabi/9.2.1/../../../../arm-none-eabi/lib/thumb/v7-m/nofp\libc.a(lib_a-__call_atexit.o)
                              g:/program files (x86)/gnu tools arm embedded/9 2019-q4-major/bin/../lib/gcc/arm-none-eabi/9.2.1/../../../../arm-none-eabi/lib/thumb/v7-m/nofp\libc.a(lib_a-exit.o) (__call_exitprocs)
g:/program files (x86)/gnu tools arm embedded/9 2019-q4-major/bin/../lib/gcc/arm-none-eabi/9.2.1/../../../../arm-none-eabi/lib/thumb/v7-m/nofp\libc.a(lib_a-atexit.o)
                              g:/program files (x86)/gnu tools arm embedded/9 2019-q4-major/bin/../lib/gcc/arm-none-eabi/9.2.1/../../../../arm-none-eabi/lib/thumb/v7-m/nofp\libc.a(lib_a-__call_atexit.o) (atexit)
g:/program files (x86)/gnu tools arm embedded/9 2019-q4-major/bin/../lib/gcc/arm-none-eabi/9.2.1/../../../../arm-none-eabi/lib/thumb/v7-m/nofp\libc.a(lib_a-fini.o)
                              g:/program files (x86)/gnu tools arm embedded/9 2019-q4-major/bin/../lib/gcc/arm-none-eabi/9.2.1/../../../../arm-none-eabi/lib/thumb/v7-m/nofp\libc.a(lib_a-__call_atexit.o) (__libc_fini_array)
g:/program files (x86)/gnu tools arm embedded/9 2019-q4-major/bin/../lib/gcc/arm-none-eabi/9.2.1/../../../../arm-none-eabi/lib/thumb/v7-m/nofp\libc.a(lib_a-lock.o)
                              g:/program files (x86)/gnu tools arm embedded/9 2019-q4-major/bin/../lib/gcc/arm-none-eabi/9.2.1/../../../../arm-none-eabi/lib/thumb/v7-m/nofp\libc.a(lib_a-__call_atexit.o) (__retarget_lock_acquire_recursive)
g:/program files (x86)/gnu tools arm embedded/9 2019-q4-major/bin/../lib/gcc/arm-none-eabi/9.2.1/../../../../arm-none-eabi/lib/thumb/v7-m/nofp\libc.a(lib_a-__atexit.o)
                              g:/program files (x86)/gnu tools arm embedded/9 2019-q4-major/bin/../lib/gcc/arm-none-eabi/9.2.1/../../../../arm-none-eabi/lib/thumb/v7-m/nofp\libc.a(lib_a-atexit.o) (__register_exitproc)
g:/program files (x86)/gnu tools arm embedded/9 2019-q4-major/bin/../lib/gcc/arm-none-eabi/9.2.1/../../../../arm-none-eabi/lib/thumb/v7-m/nofp\libnosys.a(_exit.o)
                              g:/program files (x86)/gnu tools arm embedded/9 2019-q4-major/bin/../lib/gcc/arm-none-eabi/9.2.1/../../../../arm-none-eabi/lib/thumb/v7-m/nofp\libc.a(lib_a-exit.o) (_exit)

Allocating common symbols
Common symbol       size              file

__lock___atexit_recursive_mutex
                    0x1               g:/program files (x86)/gnu tools arm embedded/9 2019-q4-major/bin/../lib/gcc/arm-none-eabi/9.2.1/../../../../arm-none-eabi/lib/thumb/v7-m/nofp\libc.a(lib_a-lock.o)
menu                0x4               build/main.o
__lock___arc4random_mutex
                    0x1               g:/program files (x86)/gnu tools arm embedded/9 2019-q4-major/bin/../lib/gcc/arm-none-eabi/9.2.1/../../../../arm-none-eabi/lib/thumb/v7-m/nofp\libc.a(lib_a-lock.o)
game                0x9               build/game.o
uwTick              0x4               build/stm32f1xx_hal.o
pFlash              0x20              build/stm32f1xx_hal_flash.o
__lock___env_recursive_mutex
                    0x1               g:/program files (x86)/gnu tools arm embedded/9 2019-q4-major/bin/../lib/gcc/arm-none-eabi/9.2.1/../../../../arm-none-eabi/lib/thumb/v7-m/nofp\libc.a(lib_a-lock.o)
__lock___sinit_recursive_mutex
[...]
Memory Configuration

Name             Origin             Length             Attributes
RAM              0x20000000         0x00005000         xrw
FLASH            0x08000000         0x00010000         xr
*default*        0x00000000         0xffffffff

Linker script and memory map

LOAD g:/program files (x86)/gnu tools arm embedded/9 2019-q4-major/bin/../lib/gcc/arm-none-eabi/9.2.1/thumb/v7-m/nofp/crti.o
LOAD g:/program files (x86)/gnu tools arm embedded/9 2019-q4-major/bin/../lib/gcc/arm-none-eabi/9.2.1/thumb/v7-m/nofp/crtbegin.o
LOAD g:/program files (x86)/gnu tools arm embedded/9 2019-q4-major/bin/../lib/gcc/arm-none-eabi/9.2.1/../../../../arm-none-eabi/lib/thumb/v7-m/nofp/crt0.o
LOAD build/stm32f1xx_hal.o
LOAD build/stm32f1xx_hal_cortex.o
LOAD build/stm32f1xx_hal_dma.o
LOAD build/stm32f1xx_hal_flash.o
LOAD build/stm32f1xx_hal_flash_ex.o
LOAD build/stm32f1xx_hal_gpio.o
LOAD build/stm32f1xx_hal_gpio_ex.o
LOAD build/stm32f1xx_hal_pwr.o
LOAD build/stm32f1xx_hal_rcc.o
LOAD build/stm32f1xx_hal_rcc_ex.o
LOAD build/stm32f1xx_hal_rtc.o
LOAD build/stm32f1xx_hal_rtc_ex.o
LOAD build/stm32f1xx_hal_tim.o
LOAD build/stm32f1xx_hal_tim_ex.o
LOAD build/game.o
LOAD build/gpio.o
LOAD build/main.o
LOAD build/menu.o
LOAD build/mode.o
LOAD build/rtc.o
LOAD build/stm32_tm1637.o
LOAD build/stm32f1xx_hal_msp.o
LOAD build/stm32f1xx_it.o
LOAD build/system_stm32f1xx.o
LOAD build/tim.o
LOAD build/startup_stm32f103xb.o
LOAD g:/program files (x86)/gnu tools arm embedded/9 2019-q4-major/bin/../lib/gcc/arm-none-eabi/9.2.1/../../../../arm-none-eabi/lib/thumb/v7-m/nofp\libc.a
LOAD g:/program files (x86)/gnu tools arm embedded/9 2019-q4-major/bin/../lib/gcc/arm-none-eabi/9.2.1/../../../../arm-none-eabi/lib/thumb/v7-m/nofp\libm.a
LOAD g:/program files (x86)/gnu tools arm embedded/9 2019-q4-major/bin/../lib/gcc/arm-none-eabi/9.2.1/../../../../arm-none-eabi/lib/thumb/v7-m/nofp\libnosys.a
START GROUP
LOAD g:/program files (x86)/gnu tools arm embedded/9 2019-q4-major/bin/../lib/gcc/arm-none-eabi/9.2.1/thumb/v7-m/nofp\libgcc.a
LOAD g:/program files (x86)/gnu tools arm embedded/9 2019-q4-major/bin/../lib/gcc/arm-none-eabi/9.2.1/../../../../arm-none-eabi/lib/thumb/v7-m/nofp\libc.a
END GROUP
START GROUP
LOAD g:/program files (x86)/gnu tools arm embedded/9 2019-q4-major/bin/../lib/gcc/arm-none-eabi/9.2.1/thumb/v7-m/nofp\libgcc.a
LOAD g:/program files (x86)/gnu tools arm embedded/9 2019-q4-major/bin/../lib/gcc/arm-none-eabi/9.2.1/../../../../arm-none-eabi/lib/thumb/v7-m/nofp\libc.a
LOAD g:/program files (x86)/gnu tools arm embedded/9 2019-q4-major/bin/../lib/gcc/arm-none-eabi/9.2.1/../../../../arm-none-eabi/lib/thumb/v7-m/nofp\libnosys.a
END GROUP
LOAD g:/program files (x86)/gnu tools arm embedded/9 2019-q4-major/bin/../lib/gcc/arm-none-eabi/9.2.1/thumb/v7-m/nofp/crtend.o
LOAD g:/program files (x86)/gnu tools arm embedded/9 2019-q4-major/bin/../lib/gcc/arm-none-eabi/9.2.1/thumb/v7-m/nofp/crtn.o
                0x20005000                _estack = 0x20005000
                0x00000200                _Min_Heap_Size = 0x200
                0x00000400                _Min_Stack_Size = 0x400

.isr_vector     0x08000000      0x10c
                0x08000000                . = ALIGN (0x4)
 *(.isr_vector)
 .isr_vector    0x08000000      0x10c build/startup_stm32f103xb.o
                0x08000000                g_pfnVectors
                0x0800010c                . = ALIGN (0x4)

.text           0x0800010c     0x2140
                0x0800010c                . = ALIGN (0x4)
 *(.text)
 .text          0x0800010c       0x40 g:/program files (x86)/gnu tools arm embedded/9 2019-q4-major/bin/../lib/gcc/arm-none-eabi/9.2.1/thumb/v7-m/nofp/crtbegin.o
 *(.text*)
 .text.HAL_InitTick
                0x0800014c       0x4c build/stm32f1xx_hal.o
                0x0800014c                HAL_InitTick
 .text.HAL_Init
                0x08000198       0x24 build/stm32f1xx_hal.o
                0x08000198                HAL_Init
 .text.HAL_IncTick
                0x080001bc       0x18 build/stm32f1xx_hal.o
                0x080001bc                HAL_IncTick
 .text.HAL_GetTick
                0x080001d4        0xc build/stm32f1xx_hal.o
                0x080001d4                HAL_GetTick
 .text.HAL_NVIC_SetPriorityGrouping
                0x080001e0       0x24 build/stm32f1xx_hal_cortex.o
                0x080001e0                HAL_NVIC_SetPriorityGrouping
 .text.HAL_NVIC_SetPriority
                0x08000204       0x68 build/stm32f1xx_hal_cortex.o
                0x08000204                HAL_NVIC_SetPriority
 .text.HAL_NVIC_EnableIRQ
                0x0800026c       0x18 build/stm32f1xx_hal_cortex.o
                0x0800026c                HAL_NVIC_EnableIRQ
 .text.HAL_SYSTICK_Config
                0x08000284       0x2c build/stm32f1xx_hal_cortex.o
                0x08000284                HAL_SYSTICK_Config
 .text.HAL_SYSTICK_CLKSourceConfig
                0x080002b0       0x20 build/stm32f1xx_hal_cortex.o
                0x080002b0                HAL_SYSTICK_CLKSourceConfig
 .text.HAL_SYSTICK_Callback
                0x080002d0        0x2 build/stm32f1xx_hal_cortex.o
                0x080002d0                HAL_SYSTICK_Callback
 .text.HAL_SYSTICK_IRQHandler
                0x080002d2        0x8 build/stm32f1xx_hal_cortex.o
                0x080002d2                HAL_SYSTICK_IRQHandler
 *fill*         0x080002da        0x2 
 .text.HAL_GPIO_Init
                0x080002dc      0x220 build/stm32f1xx_hal_gpio.o
                0x080002dc                HAL_GPIO_Init
 .text.HAL_GPIO_ReadPin
                0x080004fc        0xe build/stm32f1xx_hal_gpio.o
                0x080004fc                HAL_GPIO_ReadPin
 .text.HAL_GPIO_WritePin
                0x0800050a        0xc build/stm32f1xx_hal_gpio.o
                0x0800050a                HAL_GPIO_WritePin
 *fill*         0x08000516        0x2 
 .text.HAL_GPIO_EXTI_IRQHandler
                0x08000518       0x1c build/stm32f1xx_hal_gpio.o
                0x08000518                HAL_GPIO_EXTI_IRQHandler
 .text.HAL_PWR_EnableBkUpAccess
                0x08000534        0xc build/stm32f1xx_hal_pwr.o
                0x08000534                HAL_PWR_EnableBkUpAccess
 .text.RCC_Delay
                0x08000540       0x2c build/stm32f1xx_hal_rcc.o
 .text.HAL_RCC_OscConfig
                0x0800056c      0x3e0 build/stm32f1xx_hal_rcc.o
                0x0800056c                HAL_RCC_OscConfig
 .text.HAL_RCC_GetSysClockFreq
                0x0800094c       0x6c build/stm32f1xx_hal_rcc.o
                0x0800094c                HAL_RCC_GetSysClockFreq
 .text.HAL_RCC_ClockConfig
                0x080009b8      0x17c build/stm32f1xx_hal_rcc.o
                0x080009b8                HAL_RCC_ClockConfig
 .text.HAL_RCC_GetHCLKFreq
                0x08000b34        0xc build/stm32f1xx_hal_rcc.o
                0x08000b34                HAL_RCC_GetHCLKFreq
 .text.HAL_RCC_GetPCLK2Freq
                0x08000b40       0x20 build/stm32f1xx_hal_rcc.o
                0x08000b40                HAL_RCC_GetPCLK2Freq
 .text.HAL_RCCEx_PeriphCLKConfig
                0x08000b60      0x114 build/stm32f1xx_hal_rcc_ex.o
                0x08000b60                HAL_RCCEx_PeriphCLKConfig
 .text.HAL_RCCEx_GetPeriphCLKFreq
                0x08000c74       0xf8 build/stm32f1xx_hal_rcc_ex.o
                0x08000c74                HAL_RCCEx_GetPeriphCLKFreq
 .text.RTC_EnterInitMode
                0x08000d6c       0x30 build/stm32f1xx_hal_rtc.o
 .text.RTC_ExitInitMode
                0x08000d9c       0x32 build/stm32f1xx_hal_rtc.o
 .text.HAL_RTC_WaitForSynchro
                0x08000dce       0x38 build/stm32f1xx_hal_rtc.o
                0x08000dce                HAL_RTC_WaitForSynchro
 *fill*         0x08000e06        0x2 
 .text.HAL_RTC_Init
                0x08000e08       0xbc build/stm32f1xx_hal_rtc.o
                0x08000e08                HAL_RTC_Init
 .text.HAL_RTCEx_RTCEventCallback
                0x08000ec4        0x2 build/stm32f1xx_hal_rtc_ex.o
                0x08000ec4                HAL_RTCEx_RTCEventCallback
 .text.HAL_RTCEx_RTCEventErrorCallback
                0x08000ec6        0x2 build/stm32f1xx_hal_rtc_ex.o
                0x08000ec6                HAL_RTCEx_RTCEventErrorCallback
 .text.HAL_RTCEx_RTCIRQHandler
                0x08000ec8       0x44 build/stm32f1xx_hal_rtc_ex.o
                0x08000ec8                HAL_RTCEx_RTCIRQHandler
 .text.TIM_TI1_ConfigInputStage
                0x08000f0c       0x24 build/stm32f1xx_hal_tim.o
 .text.TIM_TI2_ConfigInputStage
                0x08000f30       0x26 build/stm32f1xx_hal_tim.o
 .text.TIM_ITRx_SetConfig
                0x08000f56       0x10 build/stm32f1xx_hal_tim.o
 .text.TIM_ETR_SetConfig
                0x08000f66       0x16 build/stm32f1xx_hal_tim.o
 .text.HAL_TIM_Base_Start_IT
                0x08000f7c       0x18 build/stm32f1xx_hal_tim.o
                0x08000f7c                HAL_TIM_Base_Start_IT
 .text.HAL_TIM_Base_Stop_IT
                0x08000f94       0x2c build/stm32f1xx_hal_tim.o
                0x08000f94                HAL_TIM_Base_Stop_IT
 .text.HAL_TIM_ConfigClockSource
                0x08000fc0      0x10a build/stm32f1xx_hal_tim.o
                0x08000fc0                HAL_TIM_ConfigClockSource
 .text.HAL_TIM_OC_DelayElapsedCallback
                0x080010ca        0x2 build/stm32f1xx_hal_tim.o
                0x080010ca                HAL_TIM_OC_DelayElapsedCallback
 .text.HAL_TIM_IC_CaptureCallback
                0x080010cc        0x2 build/stm32f1xx_hal_tim.o
                0x080010cc                HAL_TIM_IC_CaptureCallback
 .text.HAL_TIM_PWM_PulseFinishedCallback
                0x080010ce        0x2 build/stm32f1xx_hal_tim.o
                0x080010ce                HAL_TIM_PWM_PulseFinishedCallback
 .text.HAL_TIM_TriggerCallback
                0x080010d0        0x2 build/stm32f1xx_hal_tim.o
                0x080010d0                HAL_TIM_TriggerCallback
 .text.HAL_TIM_IRQHandler
                0x080010d2      0x17a build/stm32f1xx_hal_tim.o
                0x080010d2                HAL_TIM_IRQHandler
 .text.TIM_Base_SetConfig
                0x0800124c       0x74 build/stm32f1xx_hal_tim.o
                0x0800124c                TIM_Base_SetConfig
 .text.HAL_TIM_Base_Init
                0x080012c0       0x34 build/stm32f1xx_hal_tim.o
                0x080012c0                HAL_TIM_Base_Init
 .text.HAL_TIMEx_MasterConfigSynchronization
                0x080012f4       0x52 build/stm32f1xx_hal_tim_ex.o
                0x080012f4                HAL_TIMEx_MasterConfigSynchronization
 .text.HAL_TIMEx_CommutationCallback
                0x08001346        0x2 build/stm32f1xx_hal_tim_ex.o
                0x08001346                HAL_TIMEx_CommutationCallback
 .text.HAL_TIMEx_BreakCallback
                0x08001348        0x2 build/stm32f1xx_hal_tim_ex.o
                0x08001348                HAL_TIMEx_BreakCallback
 .text.setTimeForBothPlayers
                0x0800134a       0x1a build/game.o
                0x0800134a                setTimeForBothPlayers
 .text.gameInit
                0x08001364       0x64 build/game.o
                0x08001364                gameInit
 .text.decrementTimeForActivePlayer
                0x080013c8       0x84 build/game.o
                0x080013c8                decrementTimeForActivePlayer
 .text.switchCurrentPlayer
                0x0800144c       0xb4 build/game.o
                0x0800144c                switchCurrentPlayer
 .text.switchGameState
                0x08001500       0x2c build/game.o
                0x08001500                switchGameState
 .text.MX_GPIO_Init
                0x0800152c      0x124 build/gpio.o
                0x0800152c                MX_GPIO_Init
 .text.SystemClock_Config
                0x08001650       0x68 build/main.o
                0x08001650                SystemClock_Config
 .text.main     0x080016b8       0x5c build/main.o
                0x080016b8                main
 .text.HAL_GPIO_EXTI_Callback
                0x08001714       0x7c build/main.o
                0x08001714                HAL_GPIO_EXTI_Callback
 .text.HAL_TIM_PeriodElapsedCallback
                0x08001790       0x1c build/main.o
                0x08001790                HAL_TIM_PeriodElapsedCallback
 .text._Error_Handler
                0x080017ac        0x2 build/main.o
                0x080017ac                _Error_Handler
 *fill*         0x080017ae        0x2 
 .text.menuInit
                0x080017b0       0x3c build/menu.o
                0x080017b0                menuInit
 .text.nextMenuOption
                0x080017ec       0xcc build/menu.o
                0x080017ec                nextMenuOption
 .text.setMenuOption
                0x080018b8       0xf0 build/menu.o
                0x080018b8                setMenuOption
 .text.MX_RTC_Init
                0x080019a8       0x34 build/rtc.o
                0x080019a8                MX_RTC_Init
 .text.HAL_RTC_MspInit
                0x080019dc       0x50 build/rtc.o
                0x080019dc                HAL_RTC_MspInit
 .text._tm1637DelayUsec
                0x08001a2c       0x14 build/stm32_tm1637.o
                0x08001a2c                _tm1637DelayUsec
 .text._tm1637ClkHigh
                0x08001a40       0x1e build/stm32_tm1637.o
                0x08001a40                _tm1637ClkHigh
 .text._tm1637ClkLow
                0x08001a5e       0x1e build/stm32_tm1637.o
                0x08001a5e                _tm1637ClkLow
 .text._tm1637ReadResult
                0x08001a7c       0x32 build/stm32_tm1637.o
                0x08001a7c                _tm1637ReadResult
 .text._tm1637DioHigh
                0x08001aae       0x1e build/stm32_tm1637.o
                0x08001aae                _tm1637DioHigh
 .text._tm1637DioLow
                0x08001acc       0x1e build/stm32_tm1637.o
                0x08001acc                _tm1637DioLow
 .text._tm1637Start
                0x08001aea       0x2c build/stm32_tm1637.o
                0x08001aea                _tm1637Start
 .text._tm1637Stop
                0x08001b16       0x40 build/stm32_tm1637.o
                0x08001b16                _tm1637Stop
 .text._tm1637WriteByte
                0x08001b56       0x5a build/stm32_tm1637.o
                0x08001b56                _tm1637WriteByte
 .text.tm1637DisplayDecimal
                0x08001bb0       0xdc build/stm32_tm1637.o
                0x08001bb0                tm1637DisplayDecimal
 .text.tm1637DisplayText
                0x08001c8c       0xa0 build/stm32_tm1637.o
                0x08001c8c                tm1637DisplayText
 .text.tm1637DisplayClear
                0x08001d2c       0x92 build/stm32_tm1637.o
                0x08001d2c                tm1637DisplayClear
 .text.tm1637SetBrightness
                0x08001dbe       0x38 build/stm32_tm1637.o
                0x08001dbe                tm1637SetBrightness
 *fill*         0x08001df6        0x2 
 .text.tm1637Init
                0x08001df8       0x6c build/stm32_tm1637.o
                0x08001df8                tm1637Init
 .text.HAL_MspInit
                0x08001e64       0xa0 build/stm32f1xx_hal_msp.o
                0x08001e64                HAL_MspInit
 .text.NMI_Handler
                0x08001f04        0x2 build/stm32f1xx_it.o
                0x08001f04                NMI_Handler
 .text.HardFault_Handler
                0x08001f06        0x2 build/stm32f1xx_it.o
                0x08001f06                HardFault_Handler
 .text.MemManage_Handler
                0x08001f08        0x2 build/stm32f1xx_it.o
                0x08001f08                MemManage_Handler
 .text.BusFault_Handler
                0x08001f0a        0x2 build/stm32f1xx_it.o
                0x08001f0a                BusFault_Handler
 .text.UsageFault_Handler
                0x08001f0c        0x2 build/stm32f1xx_it.o
                0x08001f0c                UsageFault_Handler
 .text.SVC_Handler
                0x08001f0e        0x2 build/stm32f1xx_it.o
                0x08001f0e                SVC_Handler
 .text.DebugMon_Handler
                0x08001f10        0x2 build/stm32f1xx_it.o
                0x08001f10                DebugMon_Handler
 .text.PendSV_Handler
                0x08001f12        0x2 build/stm32f1xx_it.o
                0x08001f12                PendSV_Handler
 .text.SysTick_Handler
                0x08001f14        0xc build/stm32f1xx_it.o
                0x08001f14                SysTick_Handler
 .text.RTC_IRQHandler
                0x08001f20       0x10 build/stm32f1xx_it.o
                0x08001f20                RTC_IRQHandler
 .text.EXTI9_5_IRQHandler
                0x08001f30       0x10 build/stm32f1xx_it.o
                0x08001f30                EXTI9_5_IRQHandler
 .text.TIM1_BRK_IRQHandler
                0x08001f40       0x10 build/stm32f1xx_it.o
                0x08001f40                TIM1_BRK_IRQHandler
 .text.TIM1_UP_IRQHandler
                0x08001f50       0x10 build/stm32f1xx_it.o
                0x08001f50                TIM1_UP_IRQHandler
 .text.TIM1_TRG_COM_IRQHandler
                0x08001f60       0x10 build/stm32f1xx_it.o
                0x08001f60                TIM1_TRG_COM_IRQHandler
 .text.TIM1_CC_IRQHandler
                0x08001f70       0x10 build/stm32f1xx_it.o
                0x08001f70                TIM1_CC_IRQHandler
 .text.EXTI15_10_IRQHandler
                0x08001f80        0xc build/stm32f1xx_it.o
                0x08001f80                EXTI15_10_IRQHandler
 .text.SystemInit
                0x08001f8c       0x4c build/system_stm32f1xx.o
                0x08001f8c                SystemInit
 .text.MX_TIM1_Init
                0x08001fd8       0x78 build/tim.o
                0x08001fd8                MX_TIM1_Init
 .text.HAL_TIM_Base_MspInit
                0x08002050       0x70 build/tim.o
                0x08002050                HAL_TIM_Base_MspInit
 .text.Reset_Handler
                0x080020c0       0x48 build/startup_stm32f103xb.o
                0x080020c0                Reset_Handler
 .text.Default_Handler
                0x08002108        0x2 build/startup_stm32f103xb.o
                0x08002108                RTC_Alarm_IRQHandler
                0x08002108                EXTI2_IRQHandler
                0x08002108                PVD_IRQHandler
                0x08002108                EXTI3_IRQHandler
                0x08002108                EXTI0_IRQHandler
                0x08002108                I2C2_EV_IRQHandler
                0x08002108                ADC1_2_IRQHandler
                0x08002108                SPI1_IRQHandler
                0x08002108                TAMPER_IRQHandler
                0x08002108                DMA1_Channel4_IRQHandler
                0x08002108                USART3_IRQHandler
                0x08002108                DMA1_Channel7_IRQHandler
                0x08002108                CAN1_RX1_IRQHandler
                0x08002108                TIM4_IRQHandler
                0x08002108                I2C1_EV_IRQHandler
                0x08002108                DMA1_Channel6_IRQHandler
                0x08002108                TIM3_IRQHandler
                0x08002108                RCC_IRQHandler
                0x08002108                DMA1_Channel1_IRQHandler
                0x08002108                Default_Handler
                0x08002108                SPI2_IRQHandler
                0x08002108                DMA1_Channel5_IRQHandler
                0x08002108                EXTI4_IRQHandler
                0x08002108                USB_LP_CAN1_RX0_IRQHandler
                0x08002108                USB_HP_CAN1_TX_IRQHandler
                0x08002108                DMA1_Channel3_IRQHandler
                0x08002108                WWDG_IRQHandler
                0x08002108                TIM2_IRQHandler
                0x08002108                EXTI1_IRQHandler
                0x08002108                USART2_IRQHandler
                0x08002108                I2C2_ER_IRQHandler
                0x08002108                DMA1_Channel2_IRQHandler
                0x08002108                CAN1_SCE_IRQHandler
                0x08002108                FLASH_IRQHandler
                0x08002108                USART1_IRQHandler
                0x08002108                I2C1_ER_IRQHandler
                0x08002108                USBWakeUp_IRQHandler
 *fill*         0x0800210a        0x2 
 .text.__libc_init_array
                0x0800210c       0x48 g:/program files (x86)/gnu tools arm embedded/9 2019-q4-major/bin/../lib/gcc/arm-none-eabi/9.2.1/../../../../arm-none-eabi/lib/thumb/v7-m/nofp\libc.a(lib_a-init.o)
                0x0800210c                __libc_init_array
 .text.startup.register_fini
                0x08002154       0x14 g:/program files (x86)/gnu tools arm embedded/9 2019-q4-major/bin/../lib/gcc/arm-none-eabi/9.2.1/../../../../arm-none-eabi/lib/thumb/v7-m/nofp\libc.a(lib_a-__call_atexit.o)
 .text.atexit   0x08002168        0xc g:/program files (x86)/gnu tools arm embedded/9 2019-q4-major/bin/../lib/gcc/arm-none-eabi/9.2.1/../../../../arm-none-eabi/lib/thumb/v7-m/nofp\libc.a(lib_a-atexit.o)
                0x08002168                atexit
 .text.__libc_fini_array
                0x08002174       0x2c g:/program files (x86)/gnu tools arm embedded/9 2019-q4-major/bin/../lib/gcc/arm-none-eabi/9.2.1/../../../../arm-none-eabi/lib/thumb/v7-m/nofp\libc.a(lib_a-fini.o)
                0x08002174                __libc_fini_array
 .text.__retarget_lock_acquire_recursive
                0x080021a0        0x4 g:/program files (x86)/gnu tools arm embedded/9 2019-q4-major/bin/../lib/gcc/arm-none-eabi/9.2.1/../../../../arm-none-eabi/lib/thumb/v7-m/nofp\libc.a(lib_a-lock.o)
                0x080021a0                __retarget_lock_acquire_recursive
 .text.__retarget_lock_release_recursive
                0x080021a4        0x4 g:/program files (x86)/gnu tools arm embedded/9 2019-q4-major/bin/../lib/gcc/arm-none-eabi/9.2.1/../../../../arm-none-eabi/lib/thumb/v7-m/nofp\libc.a(lib_a-lock.o)
                0x080021a4                __retarget_lock_release_recursive
 .text.__register_exitproc
                0x080021a8       0x8c g:/program files (x86)/gnu tools arm embedded/9 2019-q4-major/bin/../lib/gcc/arm-none-eabi/9.2.1/../../../../arm-none-eabi/lib/thumb/v7-m/nofp\libc.a(lib_a-__atexit.o)
                0x080021a8                __register_exitproc
 *(.glue_7)
 .glue_7        0x08002234        0x0 linker stubs
 *(.glue_7t)
 .glue_7t       0x08002234        0x0 linker stubs
 *(.eh_frame)
 .eh_frame      0x08002234        0x0 g:/program files (x86)/gnu tools arm embedded/9 2019-q4-major/bin/../lib/gcc/arm-none-eabi/9.2.1/thumb/v7-m/nofp/crtbegin.o
 *(.init)
 .init          0x08002234        0x4 g:/program files (x86)/gnu tools arm embedded/9 2019-q4-major/bin/../lib/gcc/arm-none-eabi/9.2.1/thumb/v7-m/nofp/crti.o
                0x08002234                _init
 .init          0x08002238        0x8 g:/program files (x86)/gnu tools arm embedded/9 2019-q4-major/bin/../lib/gcc/arm-none-eabi/9.2.1/thumb/v7-m/nofp/crtn.o
 *(.fini)
 .fini          0x08002240        0x4 g:/program files (x86)/gnu tools arm embedded/9 2019-q4-major/bin/../lib/gcc/arm-none-eabi/9.2.1/thumb/v7-m/nofp/crti.o
                0x08002240                _fini
 .fini          0x08002244        0x8 g:/program files (x86)/gnu tools arm embedded/9 2019-q4-major/bin/../lib/gcc/arm-none-eabi/9.2.1/thumb/v7-m/nofp/crtn.o
                0x0800224c                . = ALIGN (0x4)
                0x0800224c                _etext = .

.vfp11_veneer   0x0800224c        0x0
 .vfp11_veneer  0x0800224c        0x0 linker stubs

.v4_bx          0x0800224c        0x0
 .v4_bx         0x0800224c        0x0 linker stubs

.iplt           0x0800224c        0x0
 .iplt          0x0800224c        0x0 g:/program files (x86)/gnu tools arm embedded/9 2019-q4-major/bin/../lib/gcc/arm-none-eabi/9.2.1/thumb/v7-m/nofp/crtbegin.o

.rodata         0x0800224c       0x84
                0x0800224c                . = ALIGN (0x4)
 *(.rodata)
 *(.rodata*)
 .rodata.HAL_RCC_GetSysClockFreq.str1.4
                0x0800224c       0x11 build/stm32f1xx_hal_rcc.o
 .rodata.HAL_RCCEx_GetPeriphCLKFreq.str1.4
                0x0800225d       0x11 build/stm32f1xx_hal_rcc_ex.o
 *fill*         0x0800225d        0x3 
 .rodata.gameTimes
                0x08002260       0x14 build/menu.o
                0x08002260                gameTimes
 .rodata.MX_RTC_Init.str1.4
                0x08002274        0xa build/rtc.o
 *fill*         0x0800227e        0x2 
 .rodata.segmentMap
                0x08002280       0x11 build/stm32_tm1637.o
                0x08002280                segmentMap
 *fill*         0x08002291        0x3 
 .rodata.wordSegmentMap
                0x08002294       0x14 build/stm32_tm1637.o
                0x08002294                wordSegmentMap
 .rodata.AHBPrescTable
                0x080022a8       0x10 build/system_stm32f1xx.o
                0x080022a8                AHBPrescTable
 .rodata.APBPrescTable
                0x080022b8        0x8 build/system_stm32f1xx.o
                0x080022b8                APBPrescTable
 .rodata.MX_TIM1_Init.str1.4
                0x080022c0        0xa build/tim.o
 *fill*         0x080022ca        0x2 
 .rodata._global_impure_ptr
                0x080022cc        0x4 g:/program files (x86)/gnu tools arm embedded/9 2019-q4-major/bin/../lib/gcc/arm-none-eabi/9.2.1/../../../../arm-none-eabi/lib/thumb/v7-m/nofp\libc.a(lib_a-impure.o)
                0x080022cc                _global_impure_ptr
                0x080022d0                . = ALIGN (0x4)

.rel.dyn        0x080022d0        0x0
 .rel.iplt      0x080022d0        0x0 g:/program files (x86)/gnu tools arm embedded/9 2019-q4-major/bin/../lib/gcc/arm-none-eabi/9.2.1/thumb/v7-m/nofp/crtbegin.o

.ARM.extab
 *(.ARM.extab* .gnu.linkonce.armextab.*)

.ARM            0x080022d0        0x0
                0x080022d0                __exidx_start = .
 *(.ARM.exidx*)
                0x080022d0                __exidx_end = .

.preinit_array  0x080022d0        0x0
                0x080022d0                PROVIDE (__preinit_array_start = .)
 *(.preinit_array*)
                0x080022d0                PROVIDE (__preinit_array_end = .)

.init_array     0x080022d0        0x8
                0x080022d0                PROVIDE (__init_array_start = .)
 *(SORT_BY_NAME(.init_array.*))
 .init_array.00000
                0x080022d0        0x4 g:/program files (x86)/gnu tools arm embedded/9 2019-q4-major/bin/../lib/gcc/arm-none-eabi/9.2.1/../../../../arm-none-eabi/lib/thumb/v7-m/nofp\libc.a(lib_a-__call_atexit.o)
 *(.init_array*)
 .init_array    0x080022d4        0x4 g:/program files (x86)/gnu tools arm embedded/9 2019-q4-major/bin/../lib/gcc/arm-none-eabi/9.2.1/thumb/v7-m/nofp/crtbegin.o
                0x080022d8                PROVIDE (__init_array_end = .)

.fini_array     0x080022d8        0x4
                0x080022d8                PROVIDE (__fini_array_start = .)
 *(SORT_BY_NAME(.fini_array.*))
 *(.fini_array*)
 .fini_array    0x080022d8        0x4 g:/program files (x86)/gnu tools arm embedded/9 2019-q4-major/bin/../lib/gcc/arm-none-eabi/9.2.1/thumb/v7-m/nofp/crtbegin.o
                0x080022dc                PROVIDE (__fini_array_end = .)
                0x080022dc                _sidata = LOADADDR (.data)

.data           0x20000000      0x45c load address 0x080022dc
                0x20000000                . = ALIGN (0x4)
                0x20000000                _sdata = .
 *(.data)
 *(.data*)
 .data.uwTickFreq
                0x20000000        0x1 build/stm32f1xx_hal.o
                0x20000000                uwTickFreq
 *fill*         0x20000001        0x3 
 .data.uwTickPrio
                0x20000004        0x4 build/stm32f1xx_hal.o
                0x20000004                uwTickPrio
 .data.display  0x20000008       0x20 build/stm32_tm1637.o
                0x20000008                display
 .data.SystemCoreClock
                0x20000028        0x4 build/system_stm32f1xx.o
                0x20000028                SystemCoreClock
 *fill*         0x2000002c        0x4 
 .data.impure_data
                0x20000030      0x428 g:/program files (x86)/gnu tools arm embedded/9 2019-q4-major/bin/../lib/gcc/arm-none-eabi/9.2.1/../../../../arm-none-eabi/lib/thumb/v7-m/nofp\libc.a(lib_a-impure.o)
 .data.__atexit_recursive_mutex
                0x20000458        0x4 g:/program files (x86)/gnu tools arm embedded/9 2019-q4-major/bin/../lib/gcc/arm-none-eabi/9.2.1/../../../../arm-none-eabi/lib/thumb/v7-m/nofp\libc.a(lib_a-__call_atexit.o)
                0x20000458                __atexit_recursive_mutex
                0x2000045c                . = ALIGN (0x4)
                0x2000045c                _edata = .

.igot.plt       0x2000045c        0x0 load address 0x08002738
 .igot.plt      0x2000045c        0x0 g:/program files (x86)/gnu tools arm embedded/9 2019-q4-major/bin/../lib/gcc/arm-none-eabi/9.2.1/thumb/v7-m/nofp/crtbegin.o
                0x2000045c                . = ALIGN (0x4)

.bss            0x2000045c       0xa8 load address 0x08002738
                0x2000045c                _sbss = .
                0x2000045c                __bss_start__ = _sbss
 *(.bss)
 .bss           0x2000045c       0x1c g:/program files (x86)/gnu tools arm embedded/9 2019-q4-major/bin/../lib/gcc/arm-none-eabi/9.2.1/thumb/v7-m/nofp/crtbegin.o
 *(.bss*)
 *(COMMON)
 COMMON         0x20000478        0x4 build/stm32f1xx_hal.o
                0x20000478                uwTick
 COMMON         0x2000047c        0xa build/game.o
                0x2000047c                game
                0x20000485                mode
 *fill*         0x20000486        0x2 
 COMMON         0x20000488        0x4 build/main.o
                0x20000488                menu
 COMMON         0x2000048c       0x14 build/rtc.o
                0x2000048c                hrtc
 COMMON         0x200004a0       0x40 build/tim.o
                0x200004a0                htim1
 COMMON         0x200004e0       0x21 g:/program files (x86)/gnu tools arm embedded/9 2019-q4-major/bin/../lib/gcc/arm-none-eabi/9.2.1/../../../../arm-none-eabi/lib/thumb/v7-m/nofp\libc.a(lib_a-lock.o)
                0x200004e0                __lock___atexit_recursive_mutex
                0x200004e4                __lock___arc4random_mutex
                0x200004e8                __lock___env_recursive_mutex
                0x200004ec                __lock___sinit_recursive_mutex
                0x200004f0                __lock___malloc_recursive_mutex
                0x200004f4                __lock___at_quick_exit_mutex
                0x200004f8                __lock___dd_hash_mutex
                0x200004fc                __lock___tz_mutex
                0x20000500                __lock___sfp_recursive_mutex
                0x20000504                . = ALIGN (0x4)
 *fill*         0x20000501        0x3 
                0x20000504                _ebss = .
                0x20000504                __bss_end__ = _ebss

._user_heap_stack
                0x20000504      0x604 load address 0x08002738
                0x20000508                . = ALIGN (0x8)
 *fill*         0x20000504        0x4 
                [!provide]                PROVIDE (end = .)
                [!provide]                PROVIDE (_end = .)
                0x20000708                . = (. + _Min_Heap_Size)
 *fill*         0x20000508      0x200 
                0x20000b08                . = (. + _Min_Stack_Size)
 *fill*         0x20000708      0x400 
                0x20000b08                . = ALIGN (0x8)

/DISCARD/
 libc.a(*)
 libm.a(*)
 libgcc.a(*)

.ARM.attributes
                0x00000000       0x29
 *(.ARM.attributes)
 .ARM.attributes
                0x00000000       0x1d g:/program files (x86)/gnu tools arm embedded/9 2019-q4-major/bin/../lib/gcc/arm-none-eabi/9.2.1/thumb/v7-m/nofp/crti.o
 .ARM.attributes
                0x0000001d       0x2d g:/program files (x86)/gnu tools arm embedded/9 2019-q4-major/bin/../lib/gcc/arm-none-eabi/9.2.1/thumb/v7-m/nofp/crtbegin.o
 .ARM.attributes
                0x0000004a       0x2d build/stm32f1xx_hal.o
 .ARM.attributes
                0x00000077       0x2d build/stm32f1xx_hal_cortex.o
 .ARM.attributes
                0x000000a4       0x2d build/stm32f1xx_hal_gpio.o
 .ARM.attributes
                0x000000d1       0x2d build/stm32f1xx_hal_pwr.o
 .ARM.attributes
                0x000000fe       0x2d build/stm32f1xx_hal_rcc.o
 .ARM.attributes
                0x0000012b       0x2d build/stm32f1xx_hal_rcc_ex.o
 .ARM.attributes
                0x00000158       0x2d build/stm32f1xx_hal_rtc.o
 .ARM.attributes
                0x00000185       0x2d build/stm32f1xx_hal_rtc_ex.o
 .ARM.attributes
                0x000001b2       0x2d build/stm32f1xx_hal_tim.o
 .ARM.attributes
                0x000001df       0x2d build/stm32f1xx_hal_tim_ex.o
 .ARM.attributes
                0x0000020c       0x2d build/game.o
 .ARM.attributes
                0x00000239       0x2d build/gpio.o
 .ARM.attributes
                0x00000266       0x2d build/main.o
 .ARM.attributes
                0x00000293       0x2d build/menu.o
 .ARM.attributes
                0x000002c0       0x2d build/rtc.o
 .ARM.attributes
                0x000002ed       0x2d build/stm32_tm1637.o
 .ARM.attributes
                0x0000031a       0x2d build/stm32f1xx_hal_msp.o
 .ARM.attributes
                0x00000347       0x2d build/stm32f1xx_it.o
 .ARM.attributes
                0x00000374       0x2d build/system_stm32f1xx.o
 .ARM.attributes
                0x000003a1       0x2d build/tim.o
 .ARM.attributes
                0x000003ce       0x21 build/startup_stm32f103xb.o
 .ARM.attributes
                0x000003ef       0x2d g:/program files (x86)/gnu tools arm embedded/9 2019-q4-major/bin/../lib/gcc/arm-none-eabi/9.2.1/../../../../arm-none-eabi/lib/thumb/v7-m/nofp\libc.a(lib_a-impure.o)
 .ARM.attributes
                0x0000041c       0x2d g:/program files (x86)/gnu tools arm embedded/9 2019-q4-major/bin/../lib/gcc/arm-none-eabi/9.2.1/../../../../arm-none-eabi/lib/thumb/v7-m/nofp\libc.a(lib_a-init.o)
 .ARM.attributes
                0x00000449       0x2d g:/program files (x86)/gnu tools arm embedded/9 2019-q4-major/bin/../lib/gcc/arm-none-eabi/9.2.1/../../../../arm-none-eabi/lib/thumb/v7-m/nofp\libc.a(lib_a-__call_atexit.o)
 .ARM.attributes
                0x00000476       0x2d g:/program files (x86)/gnu tools arm embedded/9 2019-q4-major/bin/../lib/gcc/arm-none-eabi/9.2.1/../../../../arm-none-eabi/lib/thumb/v7-m/nofp\libc.a(lib_a-atexit.o)
 .ARM.attributes
                0x000004a3       0x2d g:/program files (x86)/gnu tools arm embedded/9 2019-q4-major/bin/../lib/gcc/arm-none-eabi/9.2.1/../../../../arm-none-eabi/lib/thumb/v7-m/nofp\libc.a(lib_a-fini.o)
 .ARM.attributes
                0x000004d0       0x2d g:/program files (x86)/gnu tools arm embedded/9 2019-q4-major/bin/../lib/gcc/arm-none-eabi/9.2.1/../../../../arm-none-eabi/lib/thumb/v7-m/nofp\libc.a(lib_a-lock.o)
 .ARM.attributes
                0x000004fd       0x2d g:/program files (x86)/gnu tools arm embedded/9 2019-q4-major/bin/../lib/gcc/arm-none-eabi/9.2.1/../../../../arm-none-eabi/lib/thumb/v7-m/nofp\libc.a(lib_a-__atexit.o)
 .ARM.attributes
                0x0000052a       0x1d g:/program files (x86)/gnu tools arm embedded/9 2019-q4-major/bin/../lib/gcc/arm-none-eabi/9.2.1/thumb/v7-m/nofp/crtn.o
OUTPUT(build/ChessClock.elf elf32-littlearm)

.debug_info     0x00000000    0x1bfd5
 .debug_info    0x00000000     0x1216 build/stm32f1xx_hal.o
 .debug_info    0x00001216     0x1805 build/stm32f1xx_hal_cortex.o
 .debug_info    0x00002a1b     0x10fc build/stm32f1xx_hal_gpio.o
 .debug_info    0x00003b17     0x1213 build/stm32f1xx_hal_pwr.o
 .debug_info    0x00004d2a     0x14c0 build/stm32f1xx_hal_rcc.o
 .debug_info    0x000061ea      0xe66 build/stm32f1xx_hal_rcc_ex.o
 .debug_info    0x00007050     0x1de7 build/stm32f1xx_hal_rtc.o
 .debug_info    0x00008e37     0x1250 build/stm32f1xx_hal_rtc_ex.o
 .debug_info    0x0000a087     0x3ed6 build/stm32f1xx_hal_tim.o
 .debug_info    0x0000df5d     0x1f25 build/stm32f1xx_hal_tim_ex.o
 .debug_info    0x0000fe82     0x1471 build/game.o
 .debug_info    0x000112f3      0xfd7 build/gpio.o
 .debug_info    0x000122ca     0x1bb2 build/main.o
 .debug_info    0x00013e7c     0x153c build/menu.o
 .debug_info    0x000153b8     0x1085 build/rtc.o
 .debug_info    0x0001643d     0x14e9 build/stm32_tm1637.o
 .debug_info    0x00017926      0xea5 build/stm32f1xx_hal_msp.o
 .debug_info    0x000187cb     0x145b build/stm32f1xx_it.o
 .debug_info    0x00019c26      0xe06 build/system_stm32f1xx.o
 .debug_info    0x0001aa2c     0x1587 build/tim.o
 .debug_info    0x0001bfb3       0x22 build/startup_stm32f103xb.o

.debug_abbrev   0x00000000     0x3ad0
 .debug_abbrev  0x00000000      0x339 build/stm32f1xx_hal.o
 .debug_abbrev  0x00000339      0x44e build/stm32f1xx_hal_cortex.o
 .debug_abbrev  0x00000787      0x30a build/stm32f1xx_hal_gpio.o
 .debug_abbrev  0x00000a91      0x30e build/stm32f1xx_hal_pwr.o
 .debug_abbrev  0x00000d9f      0x386 build/stm32f1xx_hal_rcc.o
 .debug_abbrev  0x00001125      0x2de build/stm32f1xx_hal_rcc_ex.o
 .debug_abbrev  0x00001403      0x37f build/stm32f1xx_hal_rtc.o
 .debug_abbrev  0x00001782      0x337 build/stm32f1xx_hal_rtc_ex.o
 .debug_abbrev  0x00001ab9      0x371 build/stm32f1xx_hal_tim.o
 .debug_abbrev  0x00001e2a      0x346 build/stm32f1xx_hal_tim_ex.o
 .debug_abbrev  0x00002170      0x2b7 build/game.o
 .debug_abbrev  0x00002427      0x256 build/gpio.o
 .debug_abbrev  0x0000267d      0x2db build/main.o
 .debug_abbrev  0x00002958      0x262 build/menu.o
 .debug_abbrev  0x00002bba      0x284 build/rtc.o
 .debug_abbrev  0x00002e3e      0x2da build/stm32_tm1637.o
 .debug_abbrev  0x00003118      0x256 build/stm32f1xx_hal_msp.o
 .debug_abbrev  0x0000336e      0x285 build/stm32f1xx_it.o
 .debug_abbrev  0x000035f3      0x23f build/system_stm32f1xx.o
 .debug_abbrev  0x00003832      0x28c build/tim.o
 .debug_abbrev  0x00003abe       0x12 build/startup_stm32f103xb.o

.debug_loc      0x00000000     0xa334
 .debug_loc     0x00000000      0x1cc build/stm32f1xx_hal.o
 .debug_loc     0x000001cc      0x7af build/stm32f1xx_hal_cortex.o
 .debug_loc     0x0000097b      0x5d9 build/stm32f1xx_hal_gpio.o
 .debug_loc     0x00000f54      0x182 build/stm32f1xx_hal_pwr.o
 .debug_loc     0x000010d6      0x796 build/stm32f1xx_hal_rcc.o
 .debug_loc     0x0000186c      0x3fc build/stm32f1xx_hal_rcc_ex.o
 .debug_loc     0x00001c68     0x1b5a build/stm32f1xx_hal_rtc.o
 .debug_loc     0x000037c2      0x6ea build/stm32f1xx_hal_rtc_ex.o
 .debug_loc     0x00003eac     0x4296 build/stm32f1xx_hal_tim.o
 .debug_loc     0x00008142     0x13ad build/stm32f1xx_hal_tim_ex.o
 .debug_loc     0x000094ef      0x24d build/game.o
 .debug_loc     0x0000973c       0x39 build/gpio.o
 .debug_loc     0x00009775      0x11d build/main.o
 .debug_loc     0x00009892      0x1c8 build/menu.o
 .debug_loc     0x00009a5a       0xdf build/rtc.o
 .debug_loc     0x00009b39      0x4ac build/stm32_tm1637.o
 .debug_loc     0x00009fe5       0x4d build/stm32f1xx_hal_msp.o
 .debug_loc     0x0000a032      0x100 build/stm32f1xx_it.o
 .debug_loc     0x0000a132       0xff build/system_stm32f1xx.o
 .debug_loc     0x0000a231      0x103 build/tim.o

.debug_aranges  0x00000000      0xc00
 .debug_aranges
                0x00000000       0xd0 build/stm32f1xx_hal.o
 .debug_aranges
                0x000000d0       0x90 build/stm32f1xx_hal_cortex.o
 .debug_aranges
                0x00000160       0x58 build/stm32f1xx_hal_gpio.o
 .debug_aranges
                0x000001b8       0xa8 build/stm32f1xx_hal_pwr.o
 .debug_aranges
                0x00000260       0x90 build/stm32f1xx_hal_rcc.o
 .debug_aranges
                0x000002f0       0x30 build/stm32f1xx_hal_rcc_ex.o
 .debug_aranges
                0x00000320       0xf8 build/stm32f1xx_hal_rtc.o
 .debug_aranges
                0x00000418       0x88 build/stm32f1xx_hal_rtc_ex.o
 .debug_aranges
                0x000004a0      0x368 build/stm32f1xx_hal_tim.o
 .debug_aranges
                0x00000808      0x138 build/stm32f1xx_hal_tim_ex.o
 .debug_aranges
                0x00000940       0x40 build/game.o
 .debug_aranges
                0x00000980       0x20 build/gpio.o
 .debug_aranges
                0x000009a0       0x40 build/main.o
 .debug_aranges
                0x000009e0       0x30 build/menu.o
 .debug_aranges
                0x00000a10       0x30 build/rtc.o
 .debug_aranges
                0x00000a40       0x88 build/stm32_tm1637.o
 .debug_aranges
                0x00000ac8       0x20 build/stm32f1xx_hal_msp.o
 .debug_aranges
                0x00000ae8       0x98 build/stm32f1xx_it.o
 .debug_aranges
                0x00000b80       0x28 build/system_stm32f1xx.o
 .debug_aranges
                0x00000ba8       0x30 build/tim.o
 .debug_aranges
                0x00000bd8       0x28 build/startup_stm32f103xb.o

.debug_ranges   0x00000000      0xb50
 .debug_ranges  0x00000000       0xc0 build/stm32f1xx_hal.o
 .debug_ranges  0x000000c0       0xe0 build/stm32f1xx_hal_cortex.o
 .debug_ranges  0x000001a0       0x48 build/stm32f1xx_hal_gpio.o
 .debug_ranges  0x000001e8       0x98 build/stm32f1xx_hal_pwr.o
 .debug_ranges  0x00000280       0xa0 build/stm32f1xx_hal_rcc.o
 .debug_ranges  0x00000320       0x38 build/stm32f1xx_hal_rcc_ex.o
 .debug_ranges  0x00000358       0xe8 build/stm32f1xx_hal_rtc.o
 .debug_ranges  0x00000440       0x78 build/stm32f1xx_hal_rtc_ex.o
 .debug_ranges  0x000004b8      0x358 build/stm32f1xx_hal_tim.o
 .debug_ranges  0x00000810      0x128 build/stm32f1xx_hal_tim_ex.o
 .debug_ranges  0x00000938       0x30 build/game.o
 .debug_ranges  0x00000968       0x10 build/gpio.o
 .debug_ranges  0x00000978       0x30 build/main.o
 .debug_ranges  0x000009a8       0x20 build/menu.o
 .debug_ranges  0x000009c8       0x20 build/rtc.o
 .debug_ranges  0x000009e8       0x78 build/stm32_tm1637.o
 .debug_ranges  0x00000a60       0x10 build/stm32f1xx_hal_msp.o
 .debug_ranges  0x00000a70       0x88 build/stm32f1xx_it.o
 .debug_ranges  0x00000af8       0x18 build/system_stm32f1xx.o
 .debug_ranges  0x00000b10       0x20 build/tim.o
 .debug_ranges  0x00000b30       0x20 build/startup_stm32f103xb.o

.debug_line     0x00000000     0xaf45
 .debug_line    0x00000000      0x590 build/stm32f1xx_hal.o
 .debug_line    0x00000590      0x673 build/stm32f1xx_hal_cortex.o
 .debug_line    0x00000c03      0x6e2 build/stm32f1xx_hal_gpio.o
 .debug_line    0x000012e5      0x56d build/stm32f1xx_hal_pwr.o
 .debug_line    0x00001852      0xca2 build/stm32f1xx_hal_rcc.o
 .debug_line    0x000024f4      0x55c build/stm32f1xx_hal_rcc_ex.o
 .debug_line    0x00002a50     0x1205 build/stm32f1xx_hal_rtc.o
 .debug_line    0x00003c55      0x7d4 build/stm32f1xx_hal_rtc_ex.o
 .debug_line    0x00004429     0x31ba build/stm32f1xx_hal_tim.o
 .debug_line    0x000075e3     0x1046 build/stm32f1xx_hal_tim_ex.o
 .debug_line    0x00008629      0x4cf build/game.o
 .debug_line    0x00008af8      0x336 build/gpio.o
 .debug_line    0x00008e2e      0x4d0 build/main.o
 .debug_line    0x000092fe      0x486 build/menu.o
 .debug_line    0x00009784      0x33d build/rtc.o
 .debug_line    0x00009ac1      0x633 build/stm32_tm1637.o
 .debug_line    0x0000a0f4      0x27d build/stm32f1xx_hal_msp.o
 .debug_line    0x0000a371      0x491 build/stm32f1xx_it.o
 .debug_line    0x0000a802      0x329 build/system_stm32f1xx.o
 .debug_line    0x0000ab2b      0x3a8 build/tim.o
 .debug_line    0x0000aed3       0x72 build/startup_stm32f103xb.o

.debug_str      0x00000000     0x386a
 .debug_str     0x00000000      0xba2 build/stm32f1xx_hal.o
                                0xc2a (size before relaxing)
 .debug_str     0x00000ba2      0x2de build/stm32f1xx_hal_cortex.o
                                0xcd8 (size before relaxing)
 .debug_str     0x00000e80      0x1d3 build/stm32f1xx_hal_gpio.o
                                0x845 (size before relaxing)
 .debug_str     0x00001053      0x247 build/stm32f1xx_hal_pwr.o
                                0x8da (size before relaxing)
 .debug_str     0x0000129a      0x301 build/stm32f1xx_hal_rcc.o
                                0xa1c (size before relaxing)
 .debug_str     0x0000159b      0x128 build/stm32f1xx_hal_rcc_ex.o
                                0x800 (size before relaxing)
 .debug_str     0x000016c3      0x47d build/stm32f1xx_hal_rtc.o
                                0xb3c (size before relaxing)
 .debug_str     0x00001b40      0x21e build/stm32f1xx_hal_rtc_ex.o
                                0x9ce (size before relaxing)
 .debug_str     0x00001d5e     0x10a3 build/stm32f1xx_hal_tim.o
                               0x1774 (size before relaxing)
 .debug_str     0x00002e01      0x4ee build/stm32f1xx_hal_tim_ex.o
                               0x1016 (size before relaxing)
 .debug_str     0x000032ef      0x167 build/game.o
                                0xb54 (size before relaxing)
 .debug_str     0x00003456       0x28 build/gpio.o
                                0x9b4 (size before relaxing)
 .debug_str     0x0000347e       0xec build/main.o
                               0x125e (size before relaxing)
 .debug_str     0x0000356a       0x4e build/menu.o
                                0xb95 (size before relaxing)
 .debug_str     0x000035b8       0x14 build/rtc.o
                                0xb22 (size before relaxing)
 .debug_str     0x000035cc       0xd3 build/stm32_tm1637.o
                                0x7f6 (size before relaxing)
 .debug_str     0x0000369f       0x18 build/stm32f1xx_hal_msp.o
                                0x960 (size before relaxing)
 .debug_str     0x000036b7      0x12c build/stm32f1xx_it.o
                                0xc3d (size before relaxing)
 .debug_str     0x000037e3       0x4a build/system_stm32f1xx.o
                                0x6ae (size before relaxing)
 .debug_str     0x0000382d       0x19 build/tim.o
                                0xe52 (size before relaxing)
 .debug_str     0x00003846       0x24 build/startup_stm32f103xb.o
                                 0x52 (size before relaxing)

.comment        0x00000000       0x79
 .comment       0x00000000       0x79 build/stm32f1xx_hal.o
                                 0x7a (size before relaxing)
 .comment       0x00000079       0x7a build/stm32f1xx_hal_cortex.o
 .comment       0x00000079       0x7a build/stm32f1xx_hal_gpio.o
 .comment       0x00000079       0x7a build/stm32f1xx_hal_pwr.o
 .comment       0x00000079       0x7a build/stm32f1xx_hal_rcc.o
 .comment       0x00000079       0x7a build/stm32f1xx_hal_rcc_ex.o
 .comment       0x00000079       0x7a build/stm32f1xx_hal_rtc.o
 .comment       0x00000079       0x7a build/stm32f1xx_hal_rtc_ex.o
 .comment       0x00000079       0x7a build/stm32f1xx_hal_tim.o
 .comment       0x00000079       0x7a build/stm32f1xx_hal_tim_ex.o
 .comment       0x00000079       0x7a build/game.o
 .comment       0x00000079       0x7a build/gpio.o
 .comment       0x00000079       0x7a build/main.o
 .comment       0x00000079       0x7a build/menu.o
 .comment       0x00000079       0x7a build/rtc.o
 .comment       0x00000079       0x7a build/stm32_tm1637.o
 .comment       0x00000079       0x7a build/stm32f1xx_hal_msp.o
 .comment       0x00000079       0x7a build/stm32f1xx_it.o
 .comment       0x00000079       0x7a build/system_stm32f1xx.o
 .comment       0x00000079       0x7a build/tim.o

.debug_frame    0x00000000     0x23a0
 .debug_frame   0x00000000      0x1c0 build/stm32f1xx_hal.o
 .debug_frame   0x000001c0      0x13c build/stm32f1xx_hal_cortex.o
 .debug_frame   0x000002fc      0x104 build/stm32f1xx_hal_gpio.o
 .debug_frame   0x00000400      0x148 build/stm32f1xx_hal_pwr.o
 .debug_frame   0x00000548      0x188 build/stm32f1xx_hal_rcc.o
 .debug_frame   0x000006d0       0x6c build/stm32f1xx_hal_rcc_ex.o
 .debug_frame   0x0000073c      0x3ec build/stm32f1xx_hal_rtc.o
 .debug_frame   0x00000b28      0x140 build/stm32f1xx_hal_rtc_ex.o
 .debug_frame   0x00000c68      0xb20 build/stm32f1xx_hal_tim.o
 .debug_frame   0x00001788      0x3e4 build/stm32f1xx_hal_tim_ex.o
 .debug_frame   0x00001b6c       0xb4 build/game.o
 .debug_frame   0x00001c20       0x44 build/gpio.o
 .debug_frame   0x00001c64       0x98 build/main.o
 .debug_frame   0x00001cfc       0x88 build/menu.o
 .debug_frame   0x00001d84       0x64 build/rtc.o
 .debug_frame   0x00001de8      0x1c0 build/stm32_tm1637.o
 .debug_frame   0x00001fa8       0x30 build/stm32f1xx_hal_msp.o
 .debug_frame   0x00001fd8      0x170 build/stm32f1xx_it.o
 .debug_frame   0x00002148       0x30 build/system_stm32f1xx.o
 .debug_frame   0x00002178       0x68 build/tim.o
 .debug_frame   0x000021e0       0x2c g:/program files (x86)/gnu tools arm embedded/9 2019-q4-major/bin/../lib/gcc/arm-none-eabi/9.2.1/../../../../arm-none-eabi/lib/thumb/v7-m/nofp\libc.a(lib_a-init.o)
 .debug_frame   0x0000220c       0x5c g:/program files (x86)/gnu tools arm embedded/9 2019-q4-major/bin/../lib/gcc/arm-none-eabi/9.2.1/../../../../arm-none-eabi/lib/thumb/v7-m/nofp\libc.a(lib_a-__call_atexit.o)
 .debug_frame   0x00002268       0x20 g:/program files (x86)/gnu tools arm embedded/9 2019-q4-major/bin/../lib/gcc/arm-none-eabi/9.2.1/../../../../arm-none-eabi/lib/thumb/v7-m/nofp\libc.a(lib_a-atexit.o)
 .debug_frame   0x00002288       0x34 g:/program files (x86)/gnu tools arm embedded/9 2019-q4-major/bin/../lib/gcc/arm-none-eabi/9.2.1/../../../../arm-none-eabi/lib/thumb/v7-m/nofp\libc.a(lib_a-fini.o)
 .debug_frame   0x000022bc       0xb0 g:/program files (x86)/gnu tools arm embedded/9 2019-q4-major/bin/../lib/gcc/arm-none-eabi/9.2.1/../../../../arm-none-eabi/lib/thumb/v7-m/nofp\libc.a(lib_a-lock.o)
 .debug_frame   0x0000236c       0x34 g:/program files (x86)/gnu tools arm embedded/9 2019-q4-major/bin/../lib/gcc/arm-none-eabi/9.2.1/../../../../arm-none-eabi/lib/thumb/v7-m/nofp\libc.a(lib_a-__atexit.o)

Cross Reference Table

Symbol                                            File
ADC1_2_IRQHandler                                 build/startup_stm32f103xb.o
AHBPrescTable                                     build/system_stm32f1xx.o
                                                  build/stm32f1xx_hal_rcc.o
APBPrescTable                                     build/system_stm32f1xx.o
                                                  build/stm32f1xx_hal_rcc.o
BusFault_Handler                                  build/stm32f1xx_it.o
CAN1_RX1_IRQHandler                               build/startup_stm32f103xb.o
CAN1_SCE_IRQHandler                               build/startup_stm32f103xb.o
DMA1_Channel1_IRQHandler                          build/startup_stm32f103xb.o
DMA1_Channel2_IRQHandler                          build/startup_stm32f103xb.o
DMA1_Channel3_IRQHandler                          build/startup_stm32f103xb.o
DMA1_Channel4_IRQHandler                          build/startup_stm32f103xb.o
DMA1_Channel5_IRQHandler                          build/startup_stm32f103xb.o
DMA1_Channel6_IRQHandler                          build/startup_stm32f103xb.o
DMA1_Channel7_IRQHandler                          build/startup_stm32f103xb.o
DebugMon_Handler                                  build/stm32f1xx_it.o
Default_Handler                                   build/startup_stm32f103xb.o
EXTI0_IRQHandler                                  build/startup_stm32f103xb.o
EXTI15_10_IRQHandler                              build/stm32f1xx_it.o
EXTI1_IRQHandler                                  build/startup_stm32f103xb.o
EXTI2_IRQHandler                                  build/startup_stm32f103xb.o
EXTI3_IRQHandler                                  build/startup_stm32f103xb.o
EXTI4_IRQHandler                                  build/startup_stm32f103xb.o
EXTI9_5_IRQHandler                                build/stm32f1xx_it.o
FLASH_IRQHandler                                  build/startup_stm32f103xb.o
FLASH_PageErase                                   build/stm32f1xx_hal_flash_ex.o
                                                  build/stm32f1xx_hal_flash.o
FLASH_WaitForLastOperation                        build/stm32f1xx_hal_flash.o
                                                  build/stm32f1xx_hal_flash_ex.o
HAL_DBGMCU_DisableDBGSleepMode                    build/stm32f1xx_hal.o
HAL_DBGMCU_DisableDBGStandbyMode                  build/stm32f1xx_hal.o
HAL_DBGMCU_DisableDBGStopMode                     build/stm32f1xx_hal.o
HAL_DBGMCU_EnableDBGSleepMode                     build/stm32f1xx_hal.o
HAL_DBGMCU_EnableDBGStandbyMode                   build/stm32f1xx_hal.o
HAL_DBGMCU_EnableDBGStopMode                      build/stm32f1xx_hal.o
HAL_DMA_Abort                                     build/stm32f1xx_hal_dma.o
                                                  build/stm32f1xx_hal_tim.o
HAL_DMA_Abort_IT                                  build/stm32f1xx_hal_dma.o
HAL_DMA_DeInit                                    build/stm32f1xx_hal_dma.o
HAL_DMA_GetError                                  build/stm32f1xx_hal_dma.o
HAL_DMA_GetState                                  build/stm32f1xx_hal_dma.o
HAL_DMA_IRQHandler                                build/stm32f1xx_hal_dma.o
HAL_DMA_Init                                      build/stm32f1xx_hal_dma.o
HAL_DMA_PollForTransfer                           build/stm32f1xx_hal_dma.o
HAL_DMA_RegisterCallback                          build/stm32f1xx_hal_dma.o
HAL_DMA_Start                                     build/stm32f1xx_hal_dma.o
HAL_DMA_Start_IT                                  build/stm32f1xx_hal_dma.o
                                                  build/stm32f1xx_hal_tim_ex.o
                                                  build/stm32f1xx_hal_tim.o
HAL_DMA_UnRegisterCallback                        build/stm32f1xx_hal_dma.o
HAL_DeInit                                        build/stm32f1xx_hal.o
HAL_Delay                                         build/stm32f1xx_hal.o
HAL_FLASHEx_Erase                                 build/stm32f1xx_hal_flash_ex.o
HAL_FLASHEx_Erase_IT                              build/stm32f1xx_hal_flash_ex.o
HAL_FLASHEx_OBErase                               build/stm32f1xx_hal_flash_ex.o
HAL_FLASHEx_OBGetConfig                           build/stm32f1xx_hal_flash_ex.o
HAL_FLASHEx_OBGetUserData                         build/stm32f1xx_hal_flash_ex.o
HAL_FLASHEx_OBProgram                             build/stm32f1xx_hal_flash_ex.o
HAL_FLASH_EndOfOperationCallback                  build/stm32f1xx_hal_flash.o
HAL_FLASH_GetError                                build/stm32f1xx_hal_flash.o
HAL_FLASH_IRQHandler                              build/stm32f1xx_hal_flash.o
HAL_FLASH_Lock                                    build/stm32f1xx_hal_flash.o
HAL_FLASH_OB_Launch                               build/stm32f1xx_hal_flash.o
HAL_FLASH_OB_Lock                                 build/stm32f1xx_hal_flash.o
HAL_FLASH_OB_Unlock                               build/stm32f1xx_hal_flash.o
HAL_FLASH_OperationErrorCallback                  build/stm32f1xx_hal_flash.o
HAL_FLASH_Program                                 build/stm32f1xx_hal_flash.o
HAL_FLASH_Program_IT                              build/stm32f1xx_hal_flash.o
HAL_FLASH_Unlock                                  build/stm32f1xx_hal_flash.o
HAL_GPIOEx_ConfigEventout                         build/stm32f1xx_hal_gpio_ex.o
HAL_GPIOEx_DisableEventout                        build/stm32f1xx_hal_gpio_ex.o
HAL_GPIOEx_EnableEventout                         build/stm32f1xx_hal_gpio_ex.o
HAL_GPIO_DeInit                                   build/stm32f1xx_hal_gpio.o
HAL_GPIO_EXTI_Callback                            build/main.o
                                                  build/stm32f1xx_hal_gpio.o
HAL_GPIO_EXTI_IRQHandler                          build/stm32f1xx_hal_gpio.o
                                                  build/stm32f1xx_it.o
HAL_GPIO_Init                                     build/stm32f1xx_hal_gpio.o
                                                  build/stm32_tm1637.o
                                                  build/gpio.o
                                                  build/stm32f1xx_hal_rcc.o
HAL_GPIO_LockPin                                  build/stm32f1xx_hal_gpio.o
HAL_GPIO_ReadPin                                  build/stm32f1xx_hal_gpio.o
                                                  build/game.o
HAL_GPIO_TogglePin                                build/stm32f1xx_hal_gpio.o
HAL_GPIO_WritePin                                 build/stm32f1xx_hal_gpio.o
                                                  build/stm32_tm1637.o
                                                  build/gpio.o
HAL_GetDEVID                                      build/stm32f1xx_hal.o
HAL_GetHalVersion                                 build/stm32f1xx_hal.o
HAL_GetREVID                                      build/stm32f1xx_hal.o
HAL_GetTick                                       build/stm32f1xx_hal.o
                                                  build/stm32f1xx_hal_rtc_ex.o
                                                  build/stm32f1xx_hal_rtc.o
                                                  build/stm32f1xx_hal_rcc_ex.o
                                                  build/stm32f1xx_hal_rcc.o
                                                  build/stm32f1xx_hal_flash.o
                                                  build/stm32f1xx_hal_dma.o
HAL_GetTickFreq                                   build/stm32f1xx_hal.o
HAL_GetTickPrio                                   build/stm32f1xx_hal.o
HAL_GetUID                                        build/stm32f1xx_hal.o
HAL_IncTick                                       build/stm32f1xx_hal.o
                                                  build/stm32f1xx_it.o
HAL_Init                                          build/stm32f1xx_hal.o
                                                  build/main.o
HAL_InitTick                                      build/stm32f1xx_hal.o
                                                  build/stm32f1xx_hal_rcc.o
HAL_MspDeInit                                     build/stm32f1xx_hal.o
HAL_MspInit                                       build/stm32f1xx_hal_msp.o
                                                  build/stm32f1xx_hal.o
HAL_NVIC_ClearPendingIRQ                          build/stm32f1xx_hal_cortex.o
HAL_NVIC_DisableIRQ                               build/stm32f1xx_hal_cortex.o
                                                  build/tim.o
                                                  build/rtc.o
HAL_NVIC_EnableIRQ                                build/stm32f1xx_hal_cortex.o
                                                  build/tim.o
                                                  build/rtc.o
                                                  build/gpio.o
HAL_NVIC_GetActive                                build/stm32f1xx_hal_cortex.o
HAL_NVIC_GetPendingIRQ                            build/stm32f1xx_hal_cortex.o
HAL_NVIC_GetPriority                              build/stm32f1xx_hal_cortex.o
HAL_NVIC_GetPriorityGrouping                      build/stm32f1xx_hal_cortex.o
HAL_NVIC_SetPendingIRQ                            build/stm32f1xx_hal_cortex.o
HAL_NVIC_SetPriority                              build/stm32f1xx_hal_cortex.o
                                                  build/tim.o
                                                  build/stm32f1xx_hal_msp.o
                                                  build/rtc.o
                                                  build/main.o
                                                  build/gpio.o
                                                  build/stm32f1xx_hal.o
HAL_NVIC_SetPriorityGrouping                      build/stm32f1xx_hal_cortex.o
                                                  build/stm32f1xx_hal_msp.o
                                                  build/stm32f1xx_hal.o
HAL_NVIC_SystemReset                              build/stm32f1xx_hal_cortex.o
                                                  build/stm32f1xx_hal_flash.o
HAL_PWR_ConfigPVD                                 build/stm32f1xx_hal_pwr.o
HAL_PWR_DeInit                                    build/stm32f1xx_hal_pwr.o
HAL_PWR_DisableBkUpAccess                         build/stm32f1xx_hal_pwr.o
HAL_PWR_DisablePVD                                build/stm32f1xx_hal_pwr.o
HAL_PWR_DisableSEVOnPend                          build/stm32f1xx_hal_pwr.o
HAL_PWR_DisableSleepOnExit                        build/stm32f1xx_hal_pwr.o
HAL_PWR_DisableWakeUpPin                          build/stm32f1xx_hal_pwr.o
HAL_PWR_EnableBkUpAccess                          build/stm32f1xx_hal_pwr.o
                                                  build/rtc.o
HAL_PWR_EnablePVD                                 build/stm32f1xx_hal_pwr.o
HAL_PWR_EnableSEVOnPend                           build/stm32f1xx_hal_pwr.o
HAL_PWR_EnableSleepOnExit                         build/stm32f1xx_hal_pwr.o
HAL_PWR_EnableWakeUpPin                           build/stm32f1xx_hal_pwr.o
HAL_PWR_EnterSLEEPMode                            build/stm32f1xx_hal_pwr.o
HAL_PWR_EnterSTANDBYMode                          build/stm32f1xx_hal_pwr.o
HAL_PWR_EnterSTOPMode                             build/stm32f1xx_hal_pwr.o
HAL_PWR_PVDCallback                               build/stm32f1xx_hal_pwr.o
HAL_PWR_PVD_IRQHandler                            build/stm32f1xx_hal_pwr.o
HAL_RCCEx_GetPeriphCLKConfig                      build/stm32f1xx_hal_rcc_ex.o
HAL_RCCEx_GetPeriphCLKFreq                        build/stm32f1xx_hal_rcc_ex.o
                                                  build/stm32f1xx_hal_rtc.o
HAL_RCCEx_PeriphCLKConfig                         build/stm32f1xx_hal_rcc_ex.o
                                                  build/main.o
HAL_RCC_CSSCallback                               build/stm32f1xx_hal_rcc.o
HAL_RCC_ClockConfig                               build/stm32f1xx_hal_rcc.o
                                                  build/main.o
HAL_RCC_DeInit                                    build/stm32f1xx_hal_rcc.o
HAL_RCC_DisableCSS                                build/stm32f1xx_hal_rcc.o
HAL_RCC_EnableCSS                                 build/stm32f1xx_hal_rcc.o
HAL_RCC_GetClockConfig                            build/stm32f1xx_hal_rcc.o
HAL_RCC_GetHCLKFreq                               build/stm32f1xx_hal_rcc.o
                                                  build/main.o
HAL_RCC_GetOscConfig                              build/stm32f1xx_hal_rcc.o
HAL_RCC_GetPCLK1Freq                              build/stm32f1xx_hal_rcc.o
HAL_RCC_GetPCLK2Freq                              build/stm32f1xx_hal_rcc.o
                                                  build/stm32f1xx_hal_rcc_ex.o
HAL_RCC_GetSysClockFreq                           build/stm32f1xx_hal_rcc.o
HAL_RCC_MCOConfig                                 build/stm32f1xx_hal_rcc.o
HAL_RCC_NMI_IRQHandler                            build/stm32f1xx_hal_rcc.o
HAL_RCC_OscConfig                                 build/stm32f1xx_hal_rcc.o
                                                  build/main.o
HAL_RTCEx_BKUPRead                                build/stm32f1xx_hal_rtc_ex.o
HAL_RTCEx_BKUPWrite                               build/stm32f1xx_hal_rtc_ex.o
HAL_RTCEx_DeactivateSecond                        build/stm32f1xx_hal_rtc_ex.o
HAL_RTCEx_DeactivateTamper                        build/stm32f1xx_hal_rtc_ex.o
HAL_RTCEx_PollForTamper1Event                     build/stm32f1xx_hal_rtc_ex.o
HAL_RTCEx_RTCEventCallback                        build/stm32f1xx_hal_rtc_ex.o
HAL_RTCEx_RTCEventErrorCallback                   build/stm32f1xx_hal_rtc_ex.o
HAL_RTCEx_RTCIRQHandler                           build/stm32f1xx_hal_rtc_ex.o
                                                  build/stm32f1xx_it.o
HAL_RTCEx_SetSecond_IT                            build/stm32f1xx_hal_rtc_ex.o
HAL_RTCEx_SetSmoothCalib                          build/stm32f1xx_hal_rtc_ex.o
HAL_RTCEx_SetTamper                               build/stm32f1xx_hal_rtc_ex.o
HAL_RTCEx_SetTamper_IT                            build/stm32f1xx_hal_rtc_ex.o
HAL_RTCEx_Tamper1EventCallback                    build/stm32f1xx_hal_rtc_ex.o
HAL_RTCEx_TamperIRQHandler                        build/stm32f1xx_hal_rtc_ex.o
HAL_RTC_AlarmAEventCallback                       build/stm32f1xx_hal_rtc.o
HAL_RTC_AlarmIRQHandler                           build/stm32f1xx_hal_rtc.o
HAL_RTC_DeInit                                    build/stm32f1xx_hal_rtc.o
HAL_RTC_DeactivateAlarm                           build/stm32f1xx_hal_rtc.o
HAL_RTC_GetAlarm                                  build/stm32f1xx_hal_rtc.o
HAL_RTC_GetDate                                   build/stm32f1xx_hal_rtc.o
HAL_RTC_GetState                                  build/stm32f1xx_hal_rtc.o
HAL_RTC_GetTime                                   build/stm32f1xx_hal_rtc.o
HAL_RTC_Init                                      build/stm32f1xx_hal_rtc.o
                                                  build/rtc.o
HAL_RTC_MspDeInit                                 build/rtc.o
                                                  build/stm32f1xx_hal_rtc.o
HAL_RTC_MspInit                                   build/rtc.o
                                                  build/stm32f1xx_hal_rtc.o
HAL_RTC_PollForAlarmAEvent                        build/stm32f1xx_hal_rtc.o
HAL_RTC_SetAlarm                                  build/stm32f1xx_hal_rtc.o
HAL_RTC_SetAlarm_IT                               build/stm32f1xx_hal_rtc.o
HAL_RTC_SetDate                                   build/stm32f1xx_hal_rtc.o
HAL_RTC_SetTime                                   build/stm32f1xx_hal_rtc.o
HAL_RTC_WaitForSynchro                            build/stm32f1xx_hal_rtc.o
HAL_ResumeTick                                    build/stm32f1xx_hal.o
HAL_SYSTICK_CLKSourceConfig                       build/stm32f1xx_hal_cortex.o
                                                  build/main.o
HAL_SYSTICK_Callback                              build/stm32f1xx_hal_cortex.o
HAL_SYSTICK_Config                                build/stm32f1xx_hal_cortex.o
                                                  build/main.o
                                                  build/stm32f1xx_hal.o
HAL_SYSTICK_IRQHandler                            build/stm32f1xx_hal_cortex.o
                                                  build/stm32f1xx_it.o
HAL_SetTickFreq                                   build/stm32f1xx_hal.o
HAL_SuspendTick                                   build/stm32f1xx_hal.o
HAL_TIMEx_BreakCallback                           build/stm32f1xx_hal_tim_ex.o
                                                  build/stm32f1xx_hal_tim.o
HAL_TIMEx_CommutationCallback                     build/stm32f1xx_hal_tim_ex.o
                                                  build/stm32f1xx_hal_tim.o
HAL_TIMEx_ConfigBreakDeadTime                     build/stm32f1xx_hal_tim_ex.o
HAL_TIMEx_ConfigCommutationEvent                  build/stm32f1xx_hal_tim_ex.o
HAL_TIMEx_ConfigCommutationEvent_DMA              build/stm32f1xx_hal_tim_ex.o
HAL_TIMEx_ConfigCommutationEvent_IT               build/stm32f1xx_hal_tim_ex.o
HAL_TIMEx_HallSensor_DeInit                       build/stm32f1xx_hal_tim_ex.o
HAL_TIMEx_HallSensor_GetState                     build/stm32f1xx_hal_tim_ex.o
HAL_TIMEx_HallSensor_Init                         build/stm32f1xx_hal_tim_ex.o
HAL_TIMEx_HallSensor_MspDeInit                    build/stm32f1xx_hal_tim_ex.o
HAL_TIMEx_HallSensor_MspInit                      build/stm32f1xx_hal_tim_ex.o
HAL_TIMEx_HallSensor_Start                        build/stm32f1xx_hal_tim_ex.o
HAL_TIMEx_HallSensor_Start_DMA                    build/stm32f1xx_hal_tim_ex.o
HAL_TIMEx_HallSensor_Start_IT                     build/stm32f1xx_hal_tim_ex.o
HAL_TIMEx_HallSensor_Stop                         build/stm32f1xx_hal_tim_ex.o
HAL_TIMEx_HallSensor_Stop_DMA                     build/stm32f1xx_hal_tim_ex.o
HAL_TIMEx_HallSensor_Stop_IT                      build/stm32f1xx_hal_tim_ex.o
HAL_TIMEx_MasterConfigSynchronization             build/stm32f1xx_hal_tim_ex.o
                                                  build/tim.o
HAL_TIMEx_OCN_Start                               build/stm32f1xx_hal_tim_ex.o
HAL_TIMEx_OCN_Start_DMA                           build/stm32f1xx_hal_tim_ex.o
HAL_TIMEx_OCN_Start_IT                            build/stm32f1xx_hal_tim_ex.o
HAL_TIMEx_OCN_Stop                                build/stm32f1xx_hal_tim_ex.o
HAL_TIMEx_OCN_Stop_DMA                            build/stm32f1xx_hal_tim_ex.o
HAL_TIMEx_OCN_Stop_IT                             build/stm32f1xx_hal_tim_ex.o
HAL_TIMEx_OnePulseN_Start                         build/stm32f1xx_hal_tim_ex.o
HAL_TIMEx_OnePulseN_Start_IT                      build/stm32f1xx_hal_tim_ex.o
HAL_TIMEx_OnePulseN_Stop                          build/stm32f1xx_hal_tim_ex.o
HAL_TIMEx_OnePulseN_Stop_IT                       build/stm32f1xx_hal_tim_ex.o
HAL_TIMEx_PWMN_Start                              build/stm32f1xx_hal_tim_ex.o
HAL_TIMEx_PWMN_Start_DMA                          build/stm32f1xx_hal_tim_ex.o
HAL_TIMEx_PWMN_Start_IT                           build/stm32f1xx_hal_tim_ex.o
HAL_TIMEx_PWMN_Stop                               build/stm32f1xx_hal_tim_ex.o
HAL_TIMEx_PWMN_Stop_DMA                           build/stm32f1xx_hal_tim_ex.o
HAL_TIMEx_PWMN_Stop_IT                            build/stm32f1xx_hal_tim_ex.o
HAL_TIM_Base_DeInit                               build/stm32f1xx_hal_tim.o
HAL_TIM_Base_GetState                             build/stm32f1xx_hal_tim.o
HAL_TIM_Base_Init                                 build/stm32f1xx_hal_tim.o
                                                  build/tim.o
HAL_TIM_Base_MspDeInit                            build/tim.o
                                                  build/stm32f1xx_hal_tim.o
HAL_TIM_Base_MspInit                              build/tim.o
                                                  build/stm32f1xx_hal_tim.o
HAL_TIM_Base_Start                                build/stm32f1xx_hal_tim.o
HAL_TIM_Base_Start_DMA                            build/stm32f1xx_hal_tim.o
HAL_TIM_Base_Start_IT                             build/stm32f1xx_hal_tim.o
                                                  build/game.o
HAL_TIM_Base_Stop                                 build/stm32f1xx_hal_tim.o
HAL_TIM_Base_Stop_DMA                             build/stm32f1xx_hal_tim.o
HAL_TIM_Base_Stop_IT                              build/stm32f1xx_hal_tim.o
                                                  build/game.o
HAL_TIM_ConfigClockSource                         build/stm32f1xx_hal_tim.o
                                                  build/tim.o
HAL_TIM_ConfigOCrefClear                          build/stm32f1xx_hal_tim.o
HAL_TIM_ConfigTI1Input                            build/stm32f1xx_hal_tim.o
HAL_TIM_DMABurst_ReadStart                        build/stm32f1xx_hal_tim.o
HAL_TIM_DMABurst_ReadStop                         build/stm32f1xx_hal_tim.o
HAL_TIM_DMABurst_WriteStart                       build/stm32f1xx_hal_tim.o
HAL_TIM_DMABurst_WriteStop                        build/stm32f1xx_hal_tim.o
HAL_TIM_Encoder_DeInit                            build/stm32f1xx_hal_tim.o
HAL_TIM_Encoder_GetState                          build/stm32f1xx_hal_tim.o
HAL_TIM_Encoder_Init                              build/stm32f1xx_hal_tim.o
HAL_TIM_Encoder_MspDeInit                         build/stm32f1xx_hal_tim.o
HAL_TIM_Encoder_MspInit                           build/stm32f1xx_hal_tim.o
HAL_TIM_Encoder_Start                             build/stm32f1xx_hal_tim.o
HAL_TIM_Encoder_Start_DMA                         build/stm32f1xx_hal_tim.o
HAL_TIM_Encoder_Start_IT                          build/stm32f1xx_hal_tim.o
HAL_TIM_Encoder_Stop                              build/stm32f1xx_hal_tim.o
HAL_TIM_Encoder_Stop_DMA                          build/stm32f1xx_hal_tim.o
HAL_TIM_Encoder_Stop_IT                           build/stm32f1xx_hal_tim.o
HAL_TIM_ErrorCallback                             build/stm32f1xx_hal_tim.o
HAL_TIM_GenerateEvent                             build/stm32f1xx_hal_tim.o
HAL_TIM_IC_CaptureCallback                        build/stm32f1xx_hal_tim.o
HAL_TIM_IC_ConfigChannel                          build/stm32f1xx_hal_tim.o
HAL_TIM_IC_DeInit                                 build/stm32f1xx_hal_tim.o
HAL_TIM_IC_GetState                               build/stm32f1xx_hal_tim.o
HAL_TIM_IC_Init                                   build/stm32f1xx_hal_tim.o
HAL_TIM_IC_MspDeInit                              build/stm32f1xx_hal_tim.o
HAL_TIM_IC_MspInit                                build/stm32f1xx_hal_tim.o
HAL_TIM_IC_Start                                  build/stm32f1xx_hal_tim.o
HAL_TIM_IC_Start_DMA                              build/stm32f1xx_hal_tim.o
HAL_TIM_IC_Start_IT                               build/stm32f1xx_hal_tim.o
HAL_TIM_IC_Stop                                   build/stm32f1xx_hal_tim.o
HAL_TIM_IC_Stop_DMA                               build/stm32f1xx_hal_tim.o
HAL_TIM_IC_Stop_IT                                build/stm32f1xx_hal_tim.o
HAL_TIM_IRQHandler                                build/stm32f1xx_hal_tim.o
                                                  build/stm32f1xx_it.o
HAL_TIM_OC_ConfigChannel                          build/stm32f1xx_hal_tim.o
HAL_TIM_OC_DeInit                                 build/stm32f1xx_hal_tim.o
HAL_TIM_OC_DelayElapsedCallback                   build/stm32f1xx_hal_tim.o
HAL_TIM_OC_GetState                               build/stm32f1xx_hal_tim.o
HAL_TIM_OC_Init                                   build/stm32f1xx_hal_tim.o
HAL_TIM_OC_MspDeInit                              build/stm32f1xx_hal_tim.o
HAL_TIM_OC_MspInit                                build/stm32f1xx_hal_tim.o
HAL_TIM_OC_Start                                  build/stm32f1xx_hal_tim.o
HAL_TIM_OC_Start_DMA                              build/stm32f1xx_hal_tim.o
HAL_TIM_OC_Start_IT                               build/stm32f1xx_hal_tim.o
HAL_TIM_OC_Stop                                   build/stm32f1xx_hal_tim.o
HAL_TIM_OC_Stop_DMA                               build/stm32f1xx_hal_tim.o
HAL_TIM_OC_Stop_IT                                build/stm32f1xx_hal_tim.o
HAL_TIM_OnePulse_ConfigChannel                    build/stm32f1xx_hal_tim.o
HAL_TIM_OnePulse_DeInit                           build/stm32f1xx_hal_tim.o
HAL_TIM_OnePulse_GetState                         build/stm32f1xx_hal_tim.o
HAL_TIM_OnePulse_Init                             build/stm32f1xx_hal_tim.o
HAL_TIM_OnePulse_MspDeInit                        build/stm32f1xx_hal_tim.o
HAL_TIM_OnePulse_MspInit                          build/stm32f1xx_hal_tim.o
HAL_TIM_OnePulse_Start                            build/stm32f1xx_hal_tim.o
HAL_TIM_OnePulse_Start_IT                         build/stm32f1xx_hal_tim.o
HAL_TIM_OnePulse_Stop                             build/stm32f1xx_hal_tim.o
HAL_TIM_OnePulse_Stop_IT                          build/stm32f1xx_hal_tim.o
HAL_TIM_PWM_ConfigChannel                         build/stm32f1xx_hal_tim.o
HAL_TIM_PWM_DeInit                                build/stm32f1xx_hal_tim.o
HAL_TIM_PWM_GetState                              build/stm32f1xx_hal_tim.o
HAL_TIM_PWM_Init                                  build/stm32f1xx_hal_tim.o
HAL_TIM_PWM_MspDeInit                             build/stm32f1xx_hal_tim.o
HAL_TIM_PWM_MspInit                               build/stm32f1xx_hal_tim.o
HAL_TIM_PWM_PulseFinishedCallback                 build/stm32f1xx_hal_tim.o
HAL_TIM_PWM_Start                                 build/stm32f1xx_hal_tim.o
HAL_TIM_PWM_Start_DMA                             build/stm32f1xx_hal_tim.o
HAL_TIM_PWM_Start_IT                              build/stm32f1xx_hal_tim.o
HAL_TIM_PWM_Stop                                  build/stm32f1xx_hal_tim.o
HAL_TIM_PWM_Stop_DMA                              build/stm32f1xx_hal_tim.o
HAL_TIM_PWM_Stop_IT                               build/stm32f1xx_hal_tim.o
HAL_TIM_PeriodElapsedCallback                     build/main.o
                                                  build/stm32f1xx_hal_tim.o
HAL_TIM_ReadCapturedValue                         build/stm32f1xx_hal_tim.o
HAL_TIM_SlaveConfigSynchronization                build/stm32f1xx_hal_tim.o
HAL_TIM_SlaveConfigSynchronization_IT             build/stm32f1xx_hal_tim.o
HAL_TIM_TriggerCallback                           build/stm32f1xx_hal_tim.o
HardFault_Handler                                 build/stm32f1xx_it.o
I2C1_ER_IRQHandler                                build/startup_stm32f103xb.o
I2C1_EV_IRQHandler                                build/startup_stm32f103xb.o
I2C2_ER_IRQHandler                                build/startup_stm32f103xb.o
I2C2_EV_IRQHandler                                build/startup_stm32f103xb.o
MX_GPIO_Init                                      build/gpio.o
                                                  build/main.o
MX_RTC_Init                                       build/rtc.o
                                                  build/main.o
MX_TIM1_Init                                      build/tim.o
                                                  build/main.o
MemManage_Handler                                 build/stm32f1xx_it.o
NMI_Handler                                       build/stm32f1xx_it.o
PVD_IRQHandler                                    build/startup_stm32f103xb.o
PendSV_Handler                                    build/stm32f1xx_it.o
RCC_IRQHandler                                    build/startup_stm32f103xb.o
RTC_Alarm_IRQHandler                              build/startup_stm32f103xb.o
RTC_IRQHandler                                    build/stm32f1xx_it.o
Reset_Handler                                     build/startup_stm32f103xb.o
SPI1_IRQHandler                                   build/startup_stm32f103xb.o
SPI2_IRQHandler                                   build/startup_stm32f103xb.o
SVC_Handler                                       build/stm32f1xx_it.o
SysTick_Handler                                   build/stm32f1xx_it.o
SystemClock_Config                                build/main.o
SystemCoreClock                                   build/system_stm32f1xx.o
                                                  build/stm32f1xx_hal_rcc.o
                                                  build/stm32f1xx_hal.o
SystemCoreClockUpdate                             build/system_stm32f1xx.o
SystemInit                                        build/system_stm32f1xx.o
                                                  build/startup_stm32f103xb.o
TAMPER_IRQHandler                                 build/startup_stm32f103xb.o
TIM1_BRK_IRQHandler                               build/stm32f1xx_it.o
TIM1_CC_IRQHandler                                build/stm32f1xx_it.o
TIM1_TRG_COM_IRQHandler                           build/stm32f1xx_it.o
TIM1_UP_IRQHandler                                build/stm32f1xx_it.o
TIM2_IRQHandler                                   build/startup_stm32f103xb.o
TIM3_IRQHandler                                   build/startup_stm32f103xb.o
TIM4_IRQHandler                                   build/startup_stm32f103xb.o
TIMEx_DMACommutationCplt                          build/stm32f1xx_hal_tim_ex.o
                                                  build/stm32f1xx_hal_tim.o
TIM_Base_SetConfig                                build/stm32f1xx_hal_tim.o
                                                  build/stm32f1xx_hal_tim_ex.o
TIM_CCxChannelCmd                                 build/stm32f1xx_hal_tim.o
                                                  build/stm32f1xx_hal_tim_ex.o
TIM_DMACaptureCplt                                build/stm32f1xx_hal_tim.o
                                                  build/stm32f1xx_hal_tim_ex.o
TIM_DMADelayPulseCplt                             build/stm32f1xx_hal_tim.o
                                                  build/stm32f1xx_hal_tim_ex.o
TIM_DMAError                                      build/stm32f1xx_hal_tim.o
                                                  build/stm32f1xx_hal_tim_ex.o
TIM_OC2_SetConfig                                 build/stm32f1xx_hal_tim.o
                                                  build/stm32f1xx_hal_tim_ex.o
TIM_TI1_SetConfig                                 build/stm32f1xx_hal_tim.o
                                                  build/stm32f1xx_hal_tim_ex.o
USART1_IRQHandler                                 build/startup_stm32f103xb.o
USART2_IRQHandler                                 build/startup_stm32f103xb.o
USART3_IRQHandler                                 build/startup_stm32f103xb.o
USBWakeUp_IRQHandler                              build/startup_stm32f103xb.o
USB_HP_CAN1_TX_IRQHandler                         build/startup_stm32f103xb.o
USB_LP_CAN1_RX0_IRQHandler                        build/startup_stm32f103xb.o
UsageFault_Handler                                build/stm32f1xx_it.o
WWDG_IRQHandler                                   build/startup_stm32f103xb.o
_Error_Handler                                    build/main.o
                                                  build/tim.o
                                                  build/rtc.o
__atexit_recursive_mutex                          g:/program files (x86)/gnu tools arm embedded/9 2019-q4-major/bin/../lib/gcc/arm-none-eabi/9.2.1/../../../../arm-none-eabi/lib/thumb/v7-m/nofp\libc.a(lib_a-__call_atexit.o)
                                                  g:/program files (x86)/gnu tools arm embedded/9 2019-q4-major/bin/../lib/gcc/arm-none-eabi/9.2.1/../../../../arm-none-eabi/lib/thumb/v7-m/nofp\libc.a(lib_a-__atexit.o)
__bss_end__                                       g:/program files (x86)/gnu tools arm embedded/9 2019-q4-major/bin/../lib/gcc/arm-none-eabi/9.2.1/../../../../arm-none-eabi/lib/thumb/v7-m/nofp/crt0.o
__bss_start__                                     g:/program files (x86)/gnu tools arm embedded/9 2019-q4-major/bin/../lib/gcc/arm-none-eabi/9.2.1/../../../../arm-none-eabi/lib/thumb/v7-m/nofp/crt0.o
__call_exitprocs                                  g:/program files (x86)/gnu tools arm embedded/9 2019-q4-major/bin/../lib/gcc/arm-none-eabi/9.2.1/../../../../arm-none-eabi/lib/thumb/v7-m/nofp\libc.a(lib_a-__call_atexit.o)
                                                  g:/program files (x86)/gnu tools arm embedded/9 2019-q4-major/bin/../lib/gcc/arm-none-eabi/9.2.1/../../../../arm-none-eabi/lib/thumb/v7-m/nofp\libc.a(lib_a-exit.o)
__deregister_frame_info                           g:/program files (x86)/gnu tools arm embedded/9 2019-q4-major/bin/../lib/gcc/arm-none-eabi/9.2.1/thumb/v7-m/nofp/crtbegin.o
__dso_handle                                      g:/program files (x86)/gnu tools arm embedded/9 2019-q4-major/bin/../lib/gcc/arm-none-eabi/9.2.1/thumb/v7-m/nofp/crtbegin.o
__fini_array_end                                  g:/program files (x86)/gnu tools arm embedded/9 2019-q4-major/bin/../lib/gcc/arm-none-eabi/9.2.1/../../../../arm-none-eabi/lib/thumb/v7-m/nofp\libc.a(lib_a-fini.o)
__fini_array_start                                g:/program files (x86)/gnu tools arm embedded/9 2019-q4-major/bin/../lib/gcc/arm-none-eabi/9.2.1/../../../../arm-none-eabi/lib/thumb/v7-m/nofp\libc.a(lib_a-fini.o)
__init_array_end                                  g:/program files (x86)/gnu tools arm embedded/9 2019-q4-major/bin/../lib/gcc/arm-none-eabi/9.2.1/../../../../arm-none-eabi/lib/thumb/v7-m/nofp\libc.a(lib_a-init.o)
__init_array_start                                g:/program files (x86)/gnu tools arm embedded/9 2019-q4-major/bin/../lib/gcc/arm-none-eabi/9.2.1/../../../../arm-none-eabi/lib/thumb/v7-m/nofp\libc.a(lib_a-init.o)
__libc_fini                                       g:/program files (x86)/gnu tools arm embedded/9 2019-q4-major/bin/../lib/gcc/arm-none-eabi/9.2.1/../../../../arm-none-eabi/lib/thumb/v7-m/nofp\libc.a(lib_a-__call_atexit.o)
__libc_fini_array                                 g:/program files (x86)/gnu tools arm embedded/9 2019-q4-major/bin/../lib/gcc/arm-none-eabi/9.2.1/../../../../arm-none-eabi/lib/thumb/v7-m/nofp\libc.a(lib_a-fini.o)
                                                  g:/program files (x86)/gnu tools arm embedded/9 2019-q4-major/bin/../lib/gcc/arm-none-eabi/9.2.1/../../../../arm-none-eabi/lib/thumb/v7-m/nofp\libc.a(lib_a-__call_atexit.o)
                                                  g:/program files (x86)/gnu tools arm embedded/9 2019-q4-major/bin/../lib/gcc/arm-none-eabi/9.2.1/../../../../arm-none-eabi/lib/thumb/v7-m/nofp/crt0.o
__libc_init_array                                 g:/program files (x86)/gnu tools arm embedded/9 2019-q4-major/bin/../lib/gcc/arm-none-eabi/9.2.1/../../../../arm-none-eabi/lib/thumb/v7-m/nofp\libc.a(lib_a-init.o)
                                                  build/startup_stm32f103xb.o
                                                  g:/program files (x86)/gnu tools arm embedded/9 2019-q4-major/bin/../lib/gcc/arm-none-eabi/9.2.1/../../../../arm-none-eabi/lib/thumb/v7-m/nofp/crt0.o
__lock___arc4random_mutex                         g:/program files (x86)/gnu tools arm embedded/9 2019-q4-major/bin/../lib/gcc/arm-none-eabi/9.2.1/../../../../arm-none-eabi/lib/thumb/v7-m/nofp\libc.a(lib_a-lock.o)
__lock___at_quick_exit_mutex                      g:/program files (x86)/gnu tools arm embedded/9 2019-q4-major/bin/../lib/gcc/arm-none-eabi/9.2.1/../../../../arm-none-eabi/lib/thumb/v7-m/nofp\libc.a(lib_a-lock.o)
__lock___atexit_recursive_mutex                   g:/program files (x86)/gnu tools arm embedded/9 2019-q4-major/bin/../lib/gcc/arm-none-eabi/9.2.1/../../../../arm-none-eabi/lib/thumb/v7-m/nofp\libc.a(lib_a-lock.o)
                                                  g:/program files (x86)/gnu tools arm embedded/9 2019-q4-major/bin/../lib/gcc/arm-none-eabi/9.2.1/../../../../arm-none-eabi/lib/thumb/v7-m/nofp\libc.a(lib_a-__call_atexit.o)
__lock___dd_hash_mutex                            g:/program files (x86)/gnu tools arm embedded/9 2019-q4-major/bin/../lib/gcc/arm-none-eabi/9.2.1/../../../../arm-none-eabi/lib/thumb/v7-m/nofp\libc.a(lib_a-lock.o)
__lock___env_recursive_mutex                      g:/program files (x86)/gnu tools arm embedded/9 2019-q4-major/bin/../lib/gcc/arm-none-eabi/9.2.1/../../../../arm-none-eabi/lib/thumb/v7-m/nofp\libc.a(lib_a-lock.o)
__lock___malloc_recursive_mutex                   g:/program files (x86)/gnu tools arm embedded/9 2019-q4-major/bin/../lib/gcc/arm-none-eabi/9.2.1/../../../../arm-none-eabi/lib/thumb/v7-m/nofp\libc.a(lib_a-lock.o)
__lock___sfp_recursive_mutex                      g:/program files (x86)/gnu tools arm embedded/9 2019-q4-major/bin/../lib/gcc/arm-none-eabi/9.2.1/../../../../arm-none-eabi/lib/thumb/v7-m/nofp\libc.a(lib_a-lock.o)
__lock___sinit_recursive_mutex                    g:/program files (x86)/gnu tools arm embedded/9 2019-q4-major/bin/../lib/gcc/arm-none-eabi/9.2.1/../../../../arm-none-eabi/lib/thumb/v7-m/nofp\libc.a(lib_a-lock.o)
__lock___tz_mutex                                 g:/program files (x86)/gnu tools arm embedded/9 2019-q4-major/bin/../lib/gcc/arm-none-eabi/9.2.1/../../../../arm-none-eabi/lib/thumb/v7-m/nofp\libc.a(lib_a-lock.o)
__preinit_array_end                               g:/program files (x86)/gnu tools arm embedded/9 2019-q4-major/bin/../lib/gcc/arm-none-eabi/9.2.1/../../../../arm-none-eabi/lib/thumb/v7-m/nofp\libc.a(lib_a-init.o)
__preinit_array_start                             g:/program files (x86)/gnu tools arm embedded/9 2019-q4-major/bin/../lib/gcc/arm-none-eabi/9.2.1/../../../../arm-none-eabi/lib/thumb/v7-m/nofp\libc.a(lib_a-init.o)
__register_exitproc                               g:/program files (x86)/gnu tools arm embedded/9 2019-q4-major/bin/../lib/gcc/arm-none-eabi/9.2.1/../../../../arm-none-eabi/lib/thumb/v7-m/nofp\libc.a(lib_a-__atexit.o)
                                                  g:/program files (x86)/gnu tools arm embedded/9 2019-q4-major/bin/../lib/gcc/arm-none-eabi/9.2.1/../../../../arm-none-eabi/lib/thumb/v7-m/nofp\libc.a(lib_a-atexit.o)
__register_frame_info                             g:/program files (x86)/gnu tools arm embedded/9 2019-q4-major/bin/../lib/gcc/arm-none-eabi/9.2.1/thumb/v7-m/nofp/crtbegin.o
__retarget_lock_acquire                           g:/program files (x86)/gnu tools arm embedded/9 2019-q4-major/bin/../lib/gcc/arm-none-eabi/9.2.1/../../../../arm-none-eabi/lib/thumb/v7-m/nofp\libc.a(lib_a-lock.o)
__retarget_lock_acquire_recursive                 g:/program files (x86)/gnu tools arm embedded/9 2019-q4-major/bin/../lib/gcc/arm-none-eabi/9.2.1/../../../../arm-none-eabi/lib/thumb/v7-m/nofp\libc.a(lib_a-lock.o)
                                                  g:/program files (x86)/gnu tools arm embedded/9 2019-q4-major/bin/../lib/gcc/arm-none-eabi/9.2.1/../../../../arm-none-eabi/lib/thumb/v7-m/nofp\libc.a(lib_a-__atexit.o)
                                                  g:/program files (x86)/gnu tools arm embedded/9 2019-q4-major/bin/../lib/gcc/arm-none-eabi/9.2.1/../../../../arm-none-eabi/lib/thumb/v7-m/nofp\libc.a(lib_a-__call_atexit.o)
__retarget_lock_close                             g:/program files (x86)/gnu tools arm embedded/9 2019-q4-major/bin/../lib/gcc/arm-none-eabi/9.2.1/../../../../arm-none-eabi/lib/thumb/v7-m/nofp\libc.a(lib_a-lock.o)
__retarget_lock_close_recursive                   g:/program files (x86)/gnu tools arm embedded/9 2019-q4-major/bin/../lib/gcc/arm-none-eabi/9.2.1/../../../../arm-none-eabi/lib/thumb/v7-m/nofp\libc.a(lib_a-lock.o)
__retarget_lock_init                              g:/program files (x86)/gnu tools arm embedded/9 2019-q4-major/bin/../lib/gcc/arm-none-eabi/9.2.1/../../../../arm-none-eabi/lib/thumb/v7-m/nofp\libc.a(lib_a-lock.o)
__retarget_lock_init_recursive                    g:/program files (x86)/gnu tools arm embedded/9 2019-q4-major/bin/../lib/gcc/arm-none-eabi/9.2.1/../../../../arm-none-eabi/lib/thumb/v7-m/nofp\libc.a(lib_a-lock.o)
__retarget_lock_release                           g:/program files (x86)/gnu tools arm embedded/9 2019-q4-major/bin/../lib/gcc/arm-none-eabi/9.2.1/../../../../arm-none-eabi/lib/thumb/v7-m/nofp\libc.a(lib_a-lock.o)
__retarget_lock_release_recursive                 g:/program files (x86)/gnu tools arm embedded/9 2019-q4-major/bin/../lib/gcc/arm-none-eabi/9.2.1/../../../../arm-none-eabi/lib/thumb/v7-m/nofp\libc.a(lib_a-lock.o)
                                                  g:/program files (x86)/gnu tools arm embedded/9 2019-q4-major/bin/../lib/gcc/arm-none-eabi/9.2.1/../../../../arm-none-eabi/lib/thumb/v7-m/nofp\libc.a(lib_a-__atexit.o)
                                                  g:/program files (x86)/gnu tools arm embedded/9 2019-q4-major/bin/../lib/gcc/arm-none-eabi/9.2.1/../../../../arm-none-eabi/lib/thumb/v7-m/nofp\libc.a(lib_a-__call_atexit.o)
__retarget_lock_try_acquire                       g:/program files (x86)/gnu tools arm embedded/9 2019-q4-major/bin/../lib/gcc/arm-none-eabi/9.2.1/../../../../arm-none-eabi/lib/thumb/v7-m/nofp\libc.a(lib_a-lock.o)
__retarget_lock_try_acquire_recursive             g:/program files (x86)/gnu tools arm embedded/9 2019-q4-major/bin/../lib/gcc/arm-none-eabi/9.2.1/../../../../arm-none-eabi/lib/thumb/v7-m/nofp\libc.a(lib_a-lock.o)
__stack                                           g:/program files (x86)/gnu tools arm embedded/9 2019-q4-major/bin/../lib/gcc/arm-none-eabi/9.2.1/../../../../arm-none-eabi/lib/thumb/v7-m/nofp/crt0.o
_ebss                                             build/startup_stm32f103xb.o
_edata                                            build/startup_stm32f103xb.o
_estack                                           build/startup_stm32f103xb.o
_exit                                             g:/program files (x86)/gnu tools arm embedded/9 2019-q4-major/bin/../lib/gcc/arm-none-eabi/9.2.1/../../../../arm-none-eabi/lib/thumb/v7-m/nofp\libnosys.a(_exit.o)
                                                  g:/program files (x86)/gnu tools arm embedded/9 2019-q4-major/bin/../lib/gcc/arm-none-eabi/9.2.1/../../../../arm-none-eabi/lib/thumb/v7-m/nofp\libc.a(lib_a-exit.o)
_fini                                             g:/program files (x86)/gnu tools arm embedded/9 2019-q4-major/bin/../lib/gcc/arm-none-eabi/9.2.1/thumb/v7-m/nofp/crti.o
                                                  g:/program files (x86)/gnu tools arm embedded/9 2019-q4-major/bin/../lib/gcc/arm-none-eabi/9.2.1/../../../../arm-none-eabi/lib/thumb/v7-m/nofp\libc.a(lib_a-fini.o)
_global_impure_ptr                                g:/program files (x86)/gnu tools arm embedded/9 2019-q4-major/bin/../lib/gcc/arm-none-eabi/9.2.1/../../../../arm-none-eabi/lib/thumb/v7-m/nofp\libc.a(lib_a-impure.o)
                                                  g:/program files (x86)/gnu tools arm embedded/9 2019-q4-major/bin/../lib/gcc/arm-none-eabi/9.2.1/../../../../arm-none-eabi/lib/thumb/v7-m/nofp\libc.a(lib_a-__atexit.o)
                                                  g:/program files (x86)/gnu tools arm embedded/9 2019-q4-major/bin/../lib/gcc/arm-none-eabi/9.2.1/../../../../arm-none-eabi/lib/thumb/v7-m/nofp\libc.a(lib_a-__call_atexit.o)
                                                  g:/program files (x86)/gnu tools arm embedded/9 2019-q4-major/bin/../lib/gcc/arm-none-eabi/9.2.1/../../../../arm-none-eabi/lib/thumb/v7-m/nofp\libc.a(lib_a-exit.o)
_impure_ptr                                       g:/program files (x86)/gnu tools arm embedded/9 2019-q4-major/bin/../lib/gcc/arm-none-eabi/9.2.1/../../../../arm-none-eabi/lib/thumb/v7-m/nofp\libc.a(lib_a-impure.o)
_init                                             g:/program files (x86)/gnu tools arm embedded/9 2019-q4-major/bin/../lib/gcc/arm-none-eabi/9.2.1/thumb/v7-m/nofp/crti.o
                                                  g:/program files (x86)/gnu tools arm embedded/9 2019-q4-major/bin/../lib/gcc/arm-none-eabi/9.2.1/../../../../arm-none-eabi/lib/thumb/v7-m/nofp\libc.a(lib_a-init.o)
_mainCRTStartup                                   g:/program files (x86)/gnu tools arm embedded/9 2019-q4-major/bin/../lib/gcc/arm-none-eabi/9.2.1/../../../../arm-none-eabi/lib/thumb/v7-m/nofp/crt0.o
_sbss                                             build/startup_stm32f103xb.o
_sdata                                            build/startup_stm32f103xb.o
_sidata                                           build/startup_stm32f103xb.o
_start                                            g:/program files (x86)/gnu tools arm embedded/9 2019-q4-major/bin/../lib/gcc/arm-none-eabi/9.2.1/../../../../arm-none-eabi/lib/thumb/v7-m/nofp/crt0.o
_tm1637ClkHigh                                    build/stm32_tm1637.o
_tm1637ClkLow                                     build/stm32_tm1637.o